Component: ARM Compiler 5.06 update 7 (build 960) Tool: armlink [4d3601]

==============================================================================

Section Cross References

    startup_stm32f4xx.o(RESET) refers to startup_stm32f4xx.o(STACK) for __initial_sp
    startup_stm32f4xx.o(RESET) refers to startup_stm32f4xx.o(.text) for Reset_Handler
    startup_stm32f4xx.o(RESET) refers to stm32f4xx_it.o(i.NMI_Handler) for NMI_Handler
    startup_stm32f4xx.o(RESET) refers to stm32f4xx_it.o(i.HardFault_Handler) for HardFault_Handler
    startup_stm32f4xx.o(RESET) refers to stm32f4xx_it.o(i.MemManage_Handler) for MemManage_Handler
    startup_stm32f4xx.o(RESET) refers to stm32f4xx_it.o(i.BusFault_Handler) for BusFault_Handler
    startup_stm32f4xx.o(RESET) refers to stm32f4xx_it.o(i.UsageFault_Handler) for UsageFault_Handler
    startup_stm32f4xx.o(RESET) refers to port.o(.emb_text) for SVC_Handler
    startup_stm32f4xx.o(RESET) refers to stm32f4xx_it.o(i.DebugMon_Handler) for DebugMon_Handler
    startup_stm32f4xx.o(RESET) refers to main.o(i.SysTick_Handler) for SysTick_Handler
    startup_stm32f4xx.o(RESET) refers to serial.o(i.USART1_IRQHandler) for USART1_IRQHandler
    startup_stm32f4xx.o(RESET) refers to serial2.o(i.USART2_IRQHandler) for USART2_IRQHandler
    startup_stm32f4xx.o(RESET) refers to serial3.o(i.USART3_IRQHandler) for USART3_IRQHandler
    startup_stm32f4xx.o(.text) refers to system_stm32f4xx.o(i.SystemInit) for SystemInit
    startup_stm32f4xx.o(.text) refers to entry.o(.ARM.Collect$$$$00000000) for __main
    stm32f4xx_rcc.o(i.RCC_GetClocksFreq) refers to stm32f4xx_rcc.o(.data) for .data
    stm32f4xx_rcc.o(i.RCC_WaitForHSEStartUp) refers to stm32f4xx_rcc.o(i.RCC_GetFlagStatus) for RCC_GetFlagStatus
    stm32f4xx_gpio.o(i.GPIO_DeInit) refers to stm32f4xx_rcc.o(i.RCC_AHB1PeriphResetCmd) for RCC_AHB1PeriphResetCmd
    stm32f4xx_syscfg.o(i.SYSCFG_DeInit) refers to stm32f4xx_rcc.o(i.RCC_APB2PeriphResetCmd) for RCC_APB2PeriphResetCmd
    stm32f4xx_tim.o(i.TIM_DeInit) refers to stm32f4xx_rcc.o(i.RCC_APB2PeriphResetCmd) for RCC_APB2PeriphResetCmd
    stm32f4xx_tim.o(i.TIM_DeInit) refers to stm32f4xx_rcc.o(i.RCC_APB1PeriphResetCmd) for RCC_APB1PeriphResetCmd
    stm32f4xx_tim.o(i.TIM_ETRClockMode1Config) refers to stm32f4xx_tim.o(i.TIM_ETRConfig) for TIM_ETRConfig
    stm32f4xx_tim.o(i.TIM_ETRClockMode2Config) refers to stm32f4xx_tim.o(i.TIM_ETRConfig) for TIM_ETRConfig
    stm32f4xx_tim.o(i.TIM_ICInit) refers to stm32f4xx_tim.o(i.TI4_Config) for TI4_Config
    stm32f4xx_tim.o(i.TIM_ICInit) refers to stm32f4xx_tim.o(i.TIM_SetIC4Prescaler) for TIM_SetIC4Prescaler
    stm32f4xx_tim.o(i.TIM_ICInit) refers to stm32f4xx_tim.o(i.TI1_Config) for TI1_Config
    stm32f4xx_tim.o(i.TIM_ICInit) refers to stm32f4xx_tim.o(i.TIM_SetIC1Prescaler) for TIM_SetIC1Prescaler
    stm32f4xx_tim.o(i.TIM_ICInit) refers to stm32f4xx_tim.o(i.TI2_Config) for TI2_Config
    stm32f4xx_tim.o(i.TIM_ICInit) refers to stm32f4xx_tim.o(i.TIM_SetIC2Prescaler) for TIM_SetIC2Prescaler
    stm32f4xx_tim.o(i.TIM_ICInit) refers to stm32f4xx_tim.o(i.TI3_Config) for TI3_Config
    stm32f4xx_tim.o(i.TIM_ICInit) refers to stm32f4xx_tim.o(i.TIM_SetIC3Prescaler) for TIM_SetIC3Prescaler
    stm32f4xx_tim.o(i.TIM_ITRxExternalClockConfig) refers to stm32f4xx_tim.o(i.TIM_SelectInputTrigger) for TIM_SelectInputTrigger
    stm32f4xx_tim.o(i.TIM_PWMIConfig) refers to stm32f4xx_tim.o(i.TI2_Config) for TI2_Config
    stm32f4xx_tim.o(i.TIM_PWMIConfig) refers to stm32f4xx_tim.o(i.TIM_SetIC2Prescaler) for TIM_SetIC2Prescaler
    stm32f4xx_tim.o(i.TIM_PWMIConfig) refers to stm32f4xx_tim.o(i.TI1_Config) for TI1_Config
    stm32f4xx_tim.o(i.TIM_PWMIConfig) refers to stm32f4xx_tim.o(i.TIM_SetIC1Prescaler) for TIM_SetIC1Prescaler
    stm32f4xx_tim.o(i.TIM_TIxExternalClockConfig) refers to stm32f4xx_tim.o(i.TI1_Config) for TI1_Config
    stm32f4xx_tim.o(i.TIM_TIxExternalClockConfig) refers to stm32f4xx_tim.o(i.TIM_SelectInputTrigger) for TIM_SelectInputTrigger
    stm32f4xx_tim.o(i.TIM_TIxExternalClockConfig) refers to stm32f4xx_tim.o(i.TI2_Config) for TI2_Config
    stm32f4xx_adc.o(i.ADC_DeInit) refers to stm32f4xx_rcc.o(i.RCC_APB2PeriphResetCmd) for RCC_APB2PeriphResetCmd
    stm32f4xx_can.o(i.CAN_DeInit) refers to stm32f4xx_rcc.o(i.RCC_APB1PeriphResetCmd) for RCC_APB1PeriphResetCmd
    stm32f4xx_can.o(i.CAN_GetITStatus) refers to stm32f4xx_can.o(i.CheckITStatus) for CheckITStatus
    stm32f4xx_cryp.o(i.CRYP_DeInit) refers to stm32f4xx_rcc.o(i.RCC_AHB2PeriphResetCmd) for RCC_AHB2PeriphResetCmd
    stm32f4xx_cryp_aes.o(i.CRYP_AES_CBC) refers to stm32f4xx_cryp.o(i.CRYP_KeyStructInit) for CRYP_KeyStructInit
    stm32f4xx_cryp_aes.o(i.CRYP_AES_CBC) refers to stm32f4xx_cryp.o(i.CRYP_KeyInit) for CRYP_KeyInit
    stm32f4xx_cryp_aes.o(i.CRYP_AES_CBC) refers to stm32f4xx_cryp.o(i.CRYP_Init) for CRYP_Init
    stm32f4xx_cryp_aes.o(i.CRYP_AES_CBC) refers to stm32f4xx_cryp.o(i.CRYP_IVInit) for CRYP_IVInit
[...]
    Removing queue.o(i.uxQueueMessagesWaitingFromISR), (72 bytes).
    Removing queue.o(i.uxQueueSpacesAvailable), (88 bytes).
    Removing queue.o(i.vQueueDelete), (84 bytes).
    Removing queue.o(i.vQueueSetQueueNumber), (4 bytes).
    Removing queue.o(i.vQueueUnregisterQueue), (108 bytes).
    Removing queue.o(i.xQueueAddToSet), (38 bytes).
    Removing queue.o(i.xQueueCreateCountingSemaphore), (96 bytes).
    Removing queue.o(i.xQueueCreateMutex), (24 bytes).
    Removing queue.o(i.xQueueCreateSet), (8 bytes).
    Removing queue.o(i.xQueueGenericSend), (424 bytes).
    Removing queue.o(i.xQueueGenericSendFromISR), (272 bytes).
    Removing queue.o(i.xQueueGiveFromISR), (236 bytes).
    Removing queue.o(i.xQueueGiveMutexRecursive), (108 bytes).
    Removing queue.o(i.xQueueIsQueueEmptyFromISR), (80 bytes).
    Removing queue.o(i.xQueueIsQueueFullFromISR), (84 bytes).
    Removing queue.o(i.xQueuePeek), (348 bytes).
    Removing queue.o(i.xQueuePeekFromISR), (160 bytes).
    Removing queue.o(i.xQueueReceiveFromISR), (216 bytes).
    Removing queue.o(i.xQueueRemoveFromSet), (38 bytes).
    Removing queue.o(i.xQueueSelectFromSet), (18 bytes).
    Removing queue.o(i.xQueueSelectFromSetFromISR), (18 bytes).
    Removing queue.o(i.xQueueSemaphoreTake), (392 bytes).
    Removing queue.o(i.xQueueTakeMutexRecursive), (112 bytes).
    Removing stream_buffer.o(.emb_text), (8 bytes).
    Removing stream_buffer.o(i.prvBytesInBuffer), (18 bytes).
    Removing stream_buffer.o(i.prvInitialiseNewStreamBuffer), (120 bytes).
    Removing stream_buffer.o(i.prvReadBytesFromBuffer), (172 bytes).
    Removing stream_buffer.o(i.prvReadMessageFromBuffer), (72 bytes).
    Removing stream_buffer.o(i.prvWriteBytesToBuffer), (176 bytes).
    Removing stream_buffer.o(i.prvWriteMessageToBuffer), (70 bytes).
    Removing stream_buffer.o(i.ucStreamBufferGetStreamBufferType), (8 bytes).
    Removing stream_buffer.o(i.uxStreamBufferGetStreamBufferNumber), (4 bytes).
    Removing stream_buffer.o(i.vStreamBufferDelete), (104 bytes).
    Removing stream_buffer.o(i.vStreamBufferSetStreamBufferNumber), (4 bytes).
    Removing stream_buffer.o(i.xStreamBufferBytesAvailable), (88 bytes).
    Removing stream_buffer.o(i.xStreamBufferGenericCreate), (184 bytes).
    Removing stream_buffer.o(i.xStreamBufferIsEmpty), (92 bytes).
    Removing stream_buffer.o(i.xStreamBufferIsFull), (108 bytes).
    Removing stream_buffer.o(i.xStreamBufferNextMessageLengthBytes), (132 bytes).
    Removing stream_buffer.o(i.xStreamBufferReceive), (280 bytes).
    Removing stream_buffer.o(i.xStreamBufferReceiveCompletedFromISR), (136 bytes).
    Removing stream_buffer.o(i.xStreamBufferReceiveFromISR), (200 bytes).
    Removing stream_buffer.o(i.xStreamBufferReset), (132 bytes).
    Removing stream_buffer.o(i.xStreamBufferSend), (332 bytes).
    Removing stream_buffer.o(i.xStreamBufferSendCompletedFromISR), (136 bytes).
    Removing stream_buffer.o(i.xStreamBufferSendFromISR), (204 bytes).
    Removing stream_buffer.o(i.xStreamBufferSetTriggerLevel), (100 bytes).
    Removing stream_buffer.o(i.xStreamBufferSpacesAvailable), (104 bytes).
    Removing tasks.o(.emb_text), (8 bytes).
    Removing tasks.o(i.eTaskGetState), (176 bytes).
    Removing tasks.o(i.pcTaskGetName), (88 bytes).
    Removing tasks.o(i.prvListTasksWithinSingleList), (92 bytes).
    Removing tasks.o(i.prvSearchForNameWithinSingleList), (102 bytes).
    Removing tasks.o(i.prvTaskCheckFreeStackSpace), (20 bytes).
    Removing tasks.o(i.prvTaskIsTaskSuspended), (100 bytes).
    Removing tasks.o(i.prvWriteNameToBuffer), (36 bytes).
    Removing tasks.o(i.pvTaskIncrementMutexHeldCount), (24 bytes).
    Removing tasks.o(i.ulTaskGenericNotifyTake), (196 bytes).
    Removing tasks.o(i.ulTaskGenericNotifyValueClear), (48 bytes).
    Removing tasks.o(i.uxTaskGetStackHighWaterMark), (20 bytes).
    Removing tasks.o(i.uxTaskGetSystemState), (172 bytes).
    Removing tasks.o(i.uxTaskGetTaskNumber), (12 bytes).
    Removing tasks.o(i.uxTaskPriorityGet), (28 bytes).
    Removing tasks.o(i.uxTaskPriorityGetFromISR), (44 bytes).
    Removing tasks.o(i.uxTaskResetEventItemValue), (24 bytes).
    Removing tasks.o(i.vTaskEndScheduler), (28 bytes).
    Removing tasks.o(i.vTaskGenericNotifyGiveFromISR), (340 bytes).
    Removing tasks.o(i.vTaskGetInfo), (116 bytes).
    Removing tasks.o(i.vTaskList), (172 bytes).
    Removing tasks.o(i.vTaskPlaceOnUnorderedEventList), (152 bytes).
    Removing tasks.o(i.vTaskPriorityDisinheritAfterTimeout), (244 bytes).
    Removing tasks.o(i.vTaskPrioritySet), (280 bytes).
    Removing tasks.o(i.vTaskRemoveFromUnorderedEventList), (248 bytes).
    Removing tasks.o(i.vTaskResume), (212 bytes).
    Removing tasks.o(i.vTaskSetTaskNumber), (8 bytes).
    Removing tasks.o(i.vTaskSetTimeOutState), (96 bytes).
    Removing tasks.o(i.vTaskSuspend), (240 bytes).
    Removing tasks.o(i.xTaskAbortDelay), (220 bytes).
    Removing tasks.o(i.xTaskCatchUpTicks), (104 bytes).
    Removing tasks.o(i.xTaskDelayUntil), (192 bytes).
    Removing tasks.o(i.xTaskGenericNotify), (368 bytes).
    Removing tasks.o(i.xTaskGenericNotifyFromISR), (428 bytes).
    Removing tasks.o(i.xTaskGenericNotifyStateClear), (116 bytes).
    Removing tasks.o(i.xTaskGenericNotifyWait), (232 bytes).
    Removing tasks.o(i.xTaskGetCurrentTaskHandle), (12 bytes).
    Removing tasks.o(i.xTaskGetHandle), (184 bytes).
    Removing tasks.o(i.xTaskGetIdleTaskHandle), (80 bytes).
    Removing tasks.o(i.xTaskGetTickCountFromISR), (16 bytes).
    Removing tasks.o(i.xTaskPriorityInherit), (180 bytes).
    Removing tasks.o(i.xTaskResumeFromISR), (240 bytes).
    Removing timers.o(.emb_text), (8 bytes).
    Removing timers.o(i.pcTimerGetName), (72 bytes).
    Removing timers.o(i.prvInitialiseNewTimer), (120 bytes).
    Removing timers.o(i.pvTimerGetTimerID), (84 bytes).
    Removing timers.o(i.uxTimerGetReloadMode), (4 bytes).
    Removing timers.o(i.uxTimerGetTimerNumber), (4 bytes).
    Removing timers.o(i.vTimerSetReloadMode), (108 bytes).
    Removing timers.o(i.vTimerSetTimerID), (84 bytes).
    Removing timers.o(i.vTimerSetTimerNumber), (4 bytes).
    Removing timers.o(i.xTimerCreate), (52 bytes).
    Removing timers.o(i.xTimerGenericCommand), (164 bytes).
    Removing timers.o(i.xTimerGetExpiryTime), (72 bytes).
    Removing timers.o(i.xTimerGetPeriod), (72 bytes).
    Removing timers.o(i.xTimerGetReloadMode), (96 bytes).
    Removing timers.o(i.xTimerGetTimerDaemonTaskHandle), (80 bytes).
    Removing timers.o(i.xTimerIsTimerActive), (96 bytes).
    Removing timers.o(i.xTimerPendFunctionCall), (116 bytes).
    Removing timers.o(i.xTimerPendFunctionCallFromISR), (40 bytes).
    Removing heap_4.o(.emb_text), (8 bytes).
    Removing heap_4.o(i.pvPortCalloc), (42 bytes).
    Removing heap_4.o(i.vPortGetHeapStats), (112 bytes).
    Removing heap_4.o(i.vPortInitialiseBlocks), (2 bytes).
    Removing heap_4.o(i.xPortGetFreeHeapSize), (12 bytes).
    Removing heap_4.o(i.xPortGetMinimumEverFreeHeapSize), (12 bytes).
    Removing port.o(i.vPortEndScheduler), (100 bytes).
    Removing port.o(i.vPortValidateInterruptPriority), (152 bytes).
    Removing dneg.o(.text), (6 bytes).
    Removing dflti.o(.text), (34 bytes).
    Removing dfltui.o(.text), (26 bytes).
    Removing dfixi.o(.text), (62 bytes).
    Removing dfixui.o(.text), (50 bytes).
    Removing cdcmple.o(.text), (48 bytes).

849 unused section(s) (total 47218 bytes) removed from the image.

==============================================================================

Image Symbol Table

    Local Symbols

    Symbol Name                              Value     Ov Type        Size  Object(Section)

    ../clib/microlib/division.c              0x00000000   Number         0  uidiv.o ABSOLUTE
    ../clib/microlib/division.c              0x00000000   Number         0  uldiv.o ABSOLUTE
    ../clib/microlib/init/entry.s            0x00000000   Number         0  entry11a.o ABSOLUTE
    ../clib/microlib/init/entry.s            0x00000000   Number         0  entry10a.o ABSOLUTE
    ../clib/microlib/init/entry.s            0x00000000   Number         0  entry.o ABSOLUTE
    ../clib/microlib/init/entry.s            0x00000000   Number         0  entry10b.o ABSOLUTE
    ../clib/microlib/init/entry.s            0x00000000   Number         0  entry9b.o ABSOLUTE
    ../clib/microlib/init/entry.s            0x00000000   Number         0  entry11b.o ABSOLUTE
    ../clib/microlib/init/entry.s            0x00000000   Number         0  entry12a.o ABSOLUTE
    ../clib/microlib/init/entry.s            0x00000000   Number         0  entry2.o ABSOLUTE
    ../clib/microlib/init/entry.s            0x00000000   Number         0  entry12b.o ABSOLUTE
    ../clib/microlib/init/entry.s            0x00000000   Number         0  entry8a.o ABSOLUTE
    ../clib/microlib/init/entry.s            0x00000000   Number         0  entry7a.o ABSOLUTE
    ../clib/microlib/init/entry.s            0x00000000   Number         0  entry5.o ABSOLUTE
    ../clib/microlib/init/entry.s            0x00000000   Number         0  entry7b.o ABSOLUTE
    ../clib/microlib/init/entry.s            0x00000000   Number         0  entry8b.o ABSOLUTE
    ../clib/microlib/init/entry.s            0x00000000   Number         0  entry9a.o ABSOLUTE
    ../clib/microlib/longlong.c              0x00000000   Number         0  llushr.o ABSOLUTE
    ../clib/microlib/longlong.c              0x00000000   Number         0  llsshr.o ABSOLUTE
    ../clib/microlib/longlong.c              0x00000000   Number         0  llshl.o ABSOLUTE
    ../clib/microlib/printf/printf.c         0x00000000   Number         0  printf4.o ABSOLUTE
    ../clib/microlib/printf/printf.c         0x00000000   Number         0  printf3.o ABSOLUTE
    ../clib/microlib/printf/printf.c         0x00000000   Number         0  printf7.o ABSOLUTE
    ../clib/microlib/printf/printf.c         0x00000000   Number         0  printf1.o ABSOLUTE
    ../clib/microlib/printf/printf.c         0x00000000   Number         0  printf0.o ABSOLUTE
    ../clib/microlib/printf/printf.c         0x00000000   Number         0  printfb.o ABSOLUTE
    ../clib/microlib/printf/printf.c         0x00000000   Number         0  printf2.o ABSOLUTE
    ../clib/microlib/printf/printf.c         0x00000000   Number         0  printf8.o ABSOLUTE
    ../clib/microlib/printf/printf.c         0x00000000   Number         0  printfa.o ABSOLUTE
    ../clib/microlib/printf/printf.c         0x00000000   Number         0  printf6.o ABSOLUTE
    ../clib/microlib/printf/printf.c         0x00000000   Number         0  printf5.o ABSOLUTE
    ../clib/microlib/printf/stubs.s          0x00000000   Number         0  stubs.o ABSOLUTE
    ../clib/microlib/stdio/streams.c         0x00000000   Number         0  stdout.o ABSOLUTE
    ../clib/microlib/string/memcpy.c         0x00000000   Number         0  memcpya.o ABSOLUTE
    ../clib/microlib/string/memcpy.c         0x00000000   Number         0  memcpyb.o ABSOLUTE
    ../clib/microlib/string/memset.c         0x00000000   Number         0  memset.o ABSOLUTE
    ../clib/microlib/string/memset.c         0x00000000   Number         0  memseta.o ABSOLUTE
    ../clib/microlib/string/strcpy.c         0x00000000   Number         0  strcpy.o ABSOLUTE
    ../clib/microlib/string/strlen.c         0x00000000   Number         0  strlen.o ABSOLUTE
    ../clib/microlib/stubs.s                 0x00000000   Number         0  iusefp.o ABSOLUTE
    ../fplib/microlib/fpadd.c                0x00000000   Number         0  dadd.o ABSOLUTE
    ../fplib/microlib/fpdiv.c                0x00000000   Number         0  ddiv.o ABSOLUTE
    ../fplib/microlib/fpepilogue.c           0x00000000   Number         0  depilogue.o ABSOLUTE
    ../fplib/microlib/fpfix.c                0x00000000   Number         0  dfixi.o ABSOLUTE
    ../fplib/microlib/fpfix.c                0x00000000   Number         0  dfixui.o ABSOLUTE
    ../fplib/microlib/fpfix.c                0x00000000   Number         0  dfixul.o ABSOLUTE
    ../fplib/microlib/fpflt.c                0x00000000   Number         0  dflti.o ABSOLUTE
    ../fplib/microlib/fpflt.c                0x00000000   Number         0  dfltui.o ABSOLUTE
    ../fplib/microlib/fpmul.c                0x00000000   Number         0  dmul.o ABSOLUTE
    ../fplib/microlib/fpneg.c                0x00000000   Number         0  dneg.o ABSOLUTE
    ..\Libraries\CMSIS\Device\ST\STM32F4xx\Source\Templates\arm\startup_stm32f4xx.s 0x00000000   Number         0  startup_stm32f4xx.o ABSOLUTE
    ..\Libraries\CMSIS\Device\ST\STM32F4xx\Source\Templates\system_stm32f4xx.c 0x00000000   Number         0  system_stm32f4xx.o ABSOLUTE
    ..\Libraries\STM32F4xx_StdPeriph_Driver\src\misc.c 0x00000000   Number         0  misc.o ABSOLUTE
    ..\Libraries\STM32F4xx_StdPeriph_Driver\src\stm32f4xx_adc.c 0x00000000   Number         0  stm32f4xx_adc.o ABSOLUTE
    ..\Libraries\STM32F4xx_StdPeriph_Driver\src\stm32f4xx_can.c 0x00000000   Number         0  stm32f4xx_can.o ABSOLUTE
    ..\Libraries\STM32F4xx_StdPeriph_Driver\src\stm32f4xx_crc.c 0x00000000   Number         0  stm32f4xx_crc.o ABSOLUTE
    ..\Libraries\STM32F4xx_StdPeriph_Driver\src\stm32f4xx_cryp.c 0x00000000   Number         0  stm32f4xx_cryp.o ABSOLUTE
    ..\Libraries\STM32F4xx_StdPeriph_Driver\src\stm32f4xx_cryp_aes.c 0x00000000   Number         0  stm32f4xx_cryp_aes.o ABSOLUTE
    ..\Libraries\STM32F4xx_StdPeriph_Driver\src\stm32f4xx_cryp_des.c 0x00000000   Number         0  stm32f4xx_cryp_des.o ABSOLUTE
    ..\Libraries\STM32F4xx_StdPeriph_Driver\src\stm32f4xx_cryp_tdes.c 0x00000000   Number         0  stm32f4xx_cryp_tdes.o ABSOLUTE
    ..\Libraries\STM32F4xx_StdPeriph_Driver\src\stm32f4xx_dac.c 0x00000000   Number         0  stm32f4xx_dac.o ABSOLUTE
    ..\Libraries\STM32F4xx_StdPeriph_Driver\src\stm32f4xx_dbgmcu.c 0x00000000   Number         0  stm32f4xx_dbgmcu.o ABSOLUTE
    ..\Libraries\STM32F4xx_StdPeriph_Driver\src\stm32f4xx_dcmi.c 0x00000000   Number         0  stm32f4xx_dcmi.o ABSOLUTE
    ..\Libraries\STM32F4xx_StdPeriph_Driver\src\stm32f4xx_dma.c 0x00000000   Number         0  stm32f4xx_dma.o ABSOLUTE
    ..\Libraries\STM32F4xx_StdPeriph_Driver\src\stm32f4xx_exti.c 0x00000000   Number         0  stm32f4xx_exti.o ABSOLUTE
    ..\Libraries\STM32F4xx_StdPeriph_Driver\src\stm32f4xx_flash.c 0x00000000   Number         0  stm32f4xx_flash.o ABSOLUTE
    ..\Libraries\STM32F4xx_StdPeriph_Driver\src\stm32f4xx_fsmc.c 0x00000000   Number         0  stm32f4xx_fsmc.o ABSOLUTE
    ..\Libraries\STM32F4xx_StdPeriph_Driver\src\stm32f4xx_gpio.c 0x00000000   Number         0  stm32f4xx_gpio.o ABSOLUTE
    ..\Libraries\STM32F4xx_StdPeriph_Driver\src\stm32f4xx_hash.c 0x00000000   Number         0  stm32f4xx_hash.o ABSOLUTE
    ..\Libraries\STM32F4xx_StdPeriph_Driver\src\stm32f4xx_hash_md5.c 0x00000000   Number         0  stm32f4xx_hash_md5.o ABSOLUTE
    ..\Libraries\STM32F4xx_StdPeriph_Driver\src\stm32f4xx_hash_sha1.c 0x00000000   Number         0  stm32f4xx_hash_sha1.o ABSOLUTE
    ..\Libraries\STM32F4xx_StdPeriph_Driver\src\stm32f4xx_i2c.c 0x00000000   Number         0  stm32f4xx_i2c.o ABSOLUTE
    ..\Libraries\STM32F4xx_StdPeriph_Driver\src\stm32f4xx_iwdg.c 0x00000000   Number         0  stm32f4xx_iwdg.o ABSOLUTE
    ..\Libraries\STM32F4xx_StdPeriph_Driver\src\stm32f4xx_pwr.c 0x00000000   Number         0  stm32f4xx_pwr.o ABSOLUTE
    ..\Libraries\STM32F4xx_StdPeriph_Driver\src\stm32f4xx_rcc.c 0x00000000   Number         0  stm32f4xx_rcc.o ABSOLUTE
    ..\Libraries\STM32F4xx_StdPeriph_Driver\src\stm32f4xx_rng.c 0x00000000   Number         0  stm32f4xx_rng.o ABSOLUTE
    ..\Libraries\STM32F4xx_StdPeriph_Driver\src\stm32f4xx_rtc.c 0x00000000   Number         0  stm32f4xx_rtc.o ABSOLUTE
    ..\Libraries\STM32F4xx_StdPeriph_Driver\src\stm32f4xx_sdio.c 0x00000000   Number         0  stm32f4xx_sdio.o ABSOLUTE
    ..\Libraries\STM32F4xx_StdPeriph_Driver\src\stm32f4xx_spi.c 0x00000000   Number         0  stm32f4xx_spi.o ABSOLUTE
    ..\Libraries\STM32F4xx_StdPeriph_Driver\src\stm32f4xx_syscfg.c 0x00000000   Number         0  stm32f4xx_syscfg.o ABSOLUTE
    ..\Libraries\STM32F4xx_StdPeriph_Driver\src\stm32f4xx_tim.c 0x00000000   Number         0  stm32f4xx_tim.o ABSOLUTE
    ..\Libraries\STM32F4xx_StdPeriph_Driver\src\stm32f4xx_usart.c 0x00000000   Number         0  stm32f4xx_usart.o ABSOLUTE
    ..\Libraries\STM32F4xx_StdPeriph_Driver\src\stm32f4xx_wwdg.c 0x00000000   Number         0  stm32f4xx_wwdg.o ABSOLUTE
    ..\User\main.c                           0x00000000   Number         0  main.o ABSOLUTE
    ..\User\stm32f4xx_it.c                   0x00000000   Number         0  stm32f4xx_it.o ABSOLUTE
    ..\\Libraries\\CMSIS\\Device\\ST\\STM32F4xx\\Source\\Templates\\system_stm32f4xx.c 0x00000000   Number         0  system_stm32f4xx.o ABSOLUTE
    ..\\Libraries\\STM32F4xx_StdPeriph_Driver\\src\\misc.c 0x00000000   Number         0  misc.o ABSOLUTE
    ..\\Libraries\\STM32F4xx_StdPeriph_Driver\\src\\stm32f4xx_adc.c 0x00000000   Number         0  stm32f4xx_adc.o ABSOLUTE
    ..\\Libraries\\STM32F4xx_StdPeriph_Driver\\src\\stm32f4xx_can.c 0x00000000   Number         0  stm32f4xx_can.o ABSOLUTE
    ..\\Libraries\\STM32F4xx_StdPeriph_Driver\\src\\stm32f4xx_crc.c 0x00000000   Number         0  stm32f4xx_crc.o ABSOLUTE
    ..\\Libraries\\STM32F4xx_StdPeriph_Driver\\src\\stm32f4xx_cryp.c 0x00000000   Number         0  stm32f4xx_cryp.o ABSOLUTE
    ..\\Libraries\\STM32F4xx_StdPeriph_Driver\\src\\stm32f4xx_cryp_aes.c 0x00000000   Number         0  stm32f4xx_cryp_aes.o ABSOLUTE
    ..\\Libraries\\STM32F4xx_StdPeriph_Driver\\src\\stm32f4xx_cryp_des.c 0x00000000   Number         0  stm32f4xx_cryp_des.o ABSOLUTE
    ..\\Libraries\\STM32F4xx_StdPeriph_Driver\\src\\stm32f4xx_cryp_tdes.c 0x00000000   Number         0  stm32f4xx_cryp_tdes.o ABSOLUTE
    ..\\Libraries\\STM32F4xx_StdPeriph_Driver\\src\\stm32f4xx_dac.c 0x00000000   Number         0  stm32f4xx_dac.o ABSOLUTE
    ..\\Libraries\\STM32F4xx_StdPeriph_Driver\\src\\stm32f4xx_dbgmcu.c 0x00000000   Number         0  stm32f4xx_dbgmcu.o ABSOLUTE
    ..\\Libraries\\STM32F4xx_StdPeriph_Driver\\src\\stm32f4xx_dcmi.c 0x00000000   Number         0  stm32f4xx_dcmi.o ABSOLUTE
    ..\\Libraries\\STM32F4xx_StdPeriph_Driver\\src\\stm32f4xx_dma.c 0x00000000   Number         0  stm32f4xx_dma.o ABSOLUTE
    ..\\Libraries\\STM32F4xx_StdPeriph_Driver\\src\\stm32f4xx_exti.c 0x00000000   Number         0  stm32f4xx_exti.o ABSOLUTE
    ..\\Libraries\\STM32F4xx_StdPeriph_Driver\\src\\stm32f4xx_flash.c 0x00000000   Number         0  stm32f4xx_flash.o ABSOLUTE
    ..\\Libraries\\STM32F4xx_StdPeriph_Driver\\src\\stm32f4xx_fsmc.c 0x00000000   Number         0  stm32f4xx_fsmc.o ABSOLUTE
    ..\\Libraries\\STM32F4xx_StdPeriph_Driver\\src\\stm32f4xx_gpio.c 0x00000000   Number         0  stm32f4xx_gpio.o ABSOLUTE
    ..\\Libraries\\STM32F4xx_StdPeriph_Driver\\src\\stm32f4xx_hash.c 0x00000000   Number         0  stm32f4xx_hash.o ABSOLUTE
    ..\\Libraries\\STM32F4xx_StdPeriph_Driver\\src\\stm32f4xx_hash_md5.c 0x00000000   Number         0  stm32f4xx_hash_md5.o ABSOLUTE
    ..\\Libraries\\STM32F4xx_StdPeriph_Driver\\src\\stm32f4xx_hash_sha1.c 0x00000000   Number         0  stm32f4xx_hash_sha1.o ABSOLUTE
    ..\\Libraries\\STM32F4xx_StdPeriph_Driver\\src\\stm32f4xx_i2c.c 0x00000000   Number         0  stm32f4xx_i2c.o ABSOLUTE
    ..\\Libraries\\STM32F4xx_StdPeriph_Driver\\src\\stm32f4xx_iwdg.c 0x00000000   Number         0  stm32f4xx_iwdg.o ABSOLUTE
    ..\\Libraries\\STM32F4xx_StdPeriph_Driver\\src\\stm32f4xx_pwr.c 0x00000000   Number         0  stm32f4xx_pwr.o ABSOLUTE
    ..\\Libraries\\STM32F4xx_StdPeriph_Driver\\src\\stm32f4xx_rcc.c 0x00000000   Number         0  stm32f4xx_rcc.o ABSOLUTE
    ..\\Libraries\\STM32F4xx_StdPeriph_Driver\\src\\stm32f4xx_rng.c 0x00000000   Number         0  stm32f4xx_rng.o ABSOLUTE
    ..\\Libraries\\STM32F4xx_StdPeriph_Driver\\src\\stm32f4xx_rtc.c 0x00000000   Number         0  stm32f4xx_rtc.o ABSOLUTE
    ..\\Libraries\\STM32F4xx_StdPeriph_Driver\\src\\stm32f4xx_sdio.c 0x00000000   Number         0  stm32f4xx_sdio.o ABSOLUTE
    ..\\Libraries\\STM32F4xx_StdPeriph_Driver\\src\\stm32f4xx_spi.c 0x00000000   Number         0  stm32f4xx_spi.o ABSOLUTE
    ..\\Libraries\\STM32F4xx_StdPeriph_Driver\\src\\stm32f4xx_syscfg.c 0x00000000   Number         0  stm32f4xx_syscfg.o ABSOLUTE
    ..\\Libraries\\STM32F4xx_StdPeriph_Driver\\src\\stm32f4xx_tim.c 0x00000000   Number         0  stm32f4xx_tim.o ABSOLUTE
    ..\\Libraries\\STM32F4xx_StdPeriph_Driver\\src\\stm32f4xx_usart.c 0x00000000   Number         0  stm32f4xx_usart.o ABSOLUTE
    ..\\Libraries\\STM32F4xx_StdPeriph_Driver\\src\\stm32f4xx_wwdg.c 0x00000000   Number         0  stm32f4xx_wwdg.o ABSOLUTE
    ..\\User\\main.c                         0x00000000   Number         0  main.o ABSOLUTE
    ..\\User\\stm32f4xx_it.c                 0x00000000   Number         0  stm32f4xx_it.o ABSOLUTE
    ..\\hardware\\GPIO\\GPIO.c               0x00000000   Number         0  gpio.o ABSOLUTE
    ..\\hardware\\OLED\\OLED.c               0x00000000   Number         0  oled.o ABSOLUTE
    ..\\hardware\\OLED\\sys.c                0x00000000   Number         0  sys.o ABSOLUTE
    ..\\hardware\\PID\\PID.c                 0x00000000   Number         0  pid.o ABSOLUTE
    ..\\hardware\\Timer\\Timer.c             0x00000000   Number         0  timer.o ABSOLUTE
    ..\\hardware\\delay\\Delay.c             0x00000000   Number         0  delay.o ABSOLUTE
    ..\\hardware\\usart\\Serial.c            0x00000000   Number         0  serial.o ABSOLUTE
    ..\\hardware\\usart\\Serial2.c           0x00000000   Number         0  serial2.o ABSOLUTE
    ..\\hardware\\usart\\Serial3.c           0x00000000   Number         0  serial3.o ABSOLUTE
    ..\\middleware\\FreeRTOS\\croutine.c     0x00000000   Number         0  croutine.o ABSOLUTE
    ..\\middleware\\FreeRTOS\\event_groups.c 0x00000000   Number         0  event_groups.o ABSOLUTE
    ..\\middleware\\FreeRTOS\\list.c         0x00000000   Number         0  list.o ABSOLUTE
    ..\\middleware\\FreeRTOS\\portable\\MemMang\\heap_4.c 0x00000000   Number         0  heap_4.o ABSOLUTE
    ..\\middleware\\FreeRTOS\\portable\\RVDS\\ARM_CM4F\\port.c 0x00000000   Number         0  port.o ABSOLUTE
    ..\\middleware\\FreeRTOS\\queue.c        0x00000000   Number         0  queue.o ABSOLUTE
    ..\\middleware\\FreeRTOS\\stream_buffer.c 0x00000000   Number         0  stream_buffer.o ABSOLUTE
    ..\\middleware\\FreeRTOS\\tasks.c        0x00000000   Number         0  tasks.o ABSOLUTE
    ..\\middleware\\FreeRTOS\\timers.c       0x00000000   Number         0  timers.o ABSOLUTE
    ..\hardware\GPIO\GPIO.c                  0x00000000   Number         0  gpio.o ABSOLUTE
    ..\hardware\OLED\OLED.c                  0x00000000   Number         0  oled.o ABSOLUTE
    ..\hardware\OLED\sys.c                   0x00000000   Number         0  sys.o ABSOLUTE
    ..\hardware\PID\PID.c                    0x00000000   Number         0  pid.o ABSOLUTE
    ..\hardware\Timer\Timer.c                0x00000000   Number         0  timer.o ABSOLUTE
    ..\hardware\delay\Delay.c                0x00000000   Number         0  delay.o ABSOLUTE
    ..\hardware\usart\Serial.c               0x00000000   Number         0  serial.o ABSOLUTE
    ..\hardware\usart\Serial2.c              0x00000000   Number         0  serial2.o ABSOLUTE
    ..\hardware\usart\Serial3.c              0x00000000   Number         0  serial3.o ABSOLUTE
    ..\middleware\FreeRTOS\croutine.c        0x00000000   Number         0  croutine.o ABSOLUTE
    ..\middleware\FreeRTOS\event_groups.c    0x00000000   Number         0  event_groups.o ABSOLUTE
    ..\middleware\FreeRTOS\list.c            0x00000000   Number         0  list.o ABSOLUTE
    ..\middleware\FreeRTOS\portable\MemMang\heap_4.c 0x00000000   Number         0  heap_4.o ABSOLUTE
    ..\middleware\FreeRTOS\portable\RVDS\ARM_CM4F\port.c 0x00000000   Number         0  port.o ABSOLUTE
    ..\middleware\FreeRTOS\queue.c           0x00000000   Number         0  queue.o ABSOLUTE
    ..\middleware\FreeRTOS\stream_buffer.c   0x00000000   Number         0  stream_buffer.o ABSOLUTE
    ..\middleware\FreeRTOS\tasks.c           0x00000000   Number         0  tasks.o ABSOLUTE
    ..\middleware\FreeRTOS\timers.c          0x00000000   Number         0  timers.o ABSOLUTE
    cdcmple.s                                0x00000000   Number         0  cdcmple.o ABSOLUTE
    cdrcmple.s                               0x00000000   Number         0  cdrcmple.o ABSOLUTE
    dc.s                                     0x00000000   Number         0  dc.o ABSOLUTE
    handlers.s                               0x00000000   Number         0  handlers.o ABSOLUTE
    init.s                                   0x00000000   Number         0  init.o ABSOLUTE
    RESET                                    0x08000000   Section      392  startup_stm32f4xx.o(RESET)
    .ARM.Collect$$$$00000000                 0x08000188   Section        0  entry.o(.ARM.Collect$$$$00000000)
    .ARM.Collect$$$$00000001                 0x08000188   Section        4  entry2.o(.ARM.Collect$$$$00000001)
    .ARM.Collect$$$$00000004                 0x0800018c   Section        4  entry5.o(.ARM.Collect$$$$00000004)
    .ARM.Collect$$$$00000008                 0x08000190   Section        0  entry7b.o(.ARM.Collect$$$$00000008)
    .ARM.Collect$$$$0000000A                 0x08000190   Section        0  entry8b.o(.ARM.Collect$$$$0000000A)
    .ARM.Collect$$$$0000000B                 0x08000190   Section        8  entry9a.o(.ARM.Collect$$$$0000000B)
    .ARM.Collect$$$$0000000E                 0x08000198   Section        4  entry12b.o(.ARM.Collect$$$$0000000E)
    .ARM.Collect$$$$0000000F                 0x0800019c   Section        0  entry10a.o(.ARM.Collect$$$$0000000F)
    .ARM.Collect$$$$00000011                 0x0800019c   Section        0  entry11a.o(.ARM.Collect$$$$00000011)
    .ARM.Collect$$$$00002712                 0x0800019c   Section        4  entry2.o(.ARM.Collect$$$$00002712)
    __lit__00000000                          0x0800019c   Data           4  entry2.o(.ARM.Collect$$$$00002712)
    .emb_text                                0x080001a0   Section      198  port.o(.emb_text)
    $v0                                      0x080001a0   Number         0  port.o(.emb_text)
    .text                                    0x08000268   Section       36  startup_stm32f4xx.o(.text)
    $v0                                      0x08000268   Number         0  startup_stm32f4xx.o(.text)
    .text                                    0x0800028c   Section        0  memcpya.o(.text)
    .text                                    0x080002b0   Section        0  memseta.o(.text)
    .text                                    0x080002d4   Section        0  dadd.o(.text)
    .text                                    0x08000422   Section        0  dmul.o(.text)
    .text                                    0x08000506   Section        0  uidiv.o(.text)
    .text                                    0x08000532   Section        0  uldiv.o(.text)
    .text                                    0x08000594   Section        0  llshl.o(.text)
    .text                                    0x080005b2   Section        0  llushr.o(.text)
    .text                                    0x080005d2   Section        0  llsshr.o(.text)
    .text                                    0x080005f6   Section        0  iusefp.o(.text)
    .text                                    0x080005f6   Section        0  depilogue.o(.text)
    .text                                    0x080006b0   Section        0  ddiv.o(.text)
    .text                                    0x0800078e   Section        0  dfixul.o(.text)
    .text                                    0x080007c0   Section       48  cdrcmple.o(.text)
    .text                                    0x080007f0   Section       36  init.o(.text)
    i.BusFault_Handler                       0x08000814   Section        0  stm32f4xx_it.o(i.BusFault_Handler)
    i.DebugMon_Handler                       0x08000816   Section        0  stm32f4xx_it.o(i.DebugMon_Handler)
    i.GPIO_WriteBit                          0x08000818   Section        0  stm32f4xx_gpio.o(i.GPIO_WriteBit)
    i.HardFault_Handler                      0x08000824   Section        0  stm32f4xx_it.o(i.HardFault_Handler)
    i.MemManage_Handler                      0x08000826   Section        0  stm32f4xx_it.o(i.MemManage_Handler)
    i.NMI_Handler                            0x08000828   Section        0  stm32f4xx_it.o(i.NMI_Handler)
    i.NVIC_PriorityGroupConfig               0x0800082c   Section        0  misc.o(i.NVIC_PriorityGroupConfig)
    i.SetSysClock                            0x08000840   Section        0  system_stm32f4xx.o(i.SetSysClock)
    SetSysClock                              0x08000841   Thumb Code   168  system_stm32f4xx.o(i.SetSysClock)
    i.SysTick_Handler                        0x080008f8   Section        0  main.o(i.SysTick_Handler)
    i.SystemInit                             0x0800090c   Section        0  system_stm32f4xx.o(i.SystemInit)
    i.USART1_IRQHandler                      0x08000968   Section        0  serial.o(i.USART1_IRQHandler)
    i.USART2_IRQHandler                      0x0800099c   Section        0  serial2.o(i.USART2_IRQHandler)
    i.USART3_IRQHandler                      0x080009d0   Section        0  serial3.o(i.USART3_IRQHandler)
    i.USART_ClearITPendingBit                0x08000a04   Section        0  stm32f4xx_usart.o(i.USART_ClearITPendingBit)
    i.USART_GetFlagStatus                    0x08000a14   Section        0  stm32f4xx_usart.o(i.USART_GetFlagStatus)
    i.USART_GetITStatus                      0x08000a22   Section        0  stm32f4xx_usart.o(i.USART_GetITStatus)
    i.USART_ReceiveData                      0x08000a62   Section        0  stm32f4xx_usart.o(i.USART_ReceiveData)
    i.USART_SendData                         0x08000a6a   Section        0  stm32f4xx_usart.o(i.USART_SendData)
    i.UsageFault_Handler                     0x08000a72   Section        0  stm32f4xx_it.o(i.UsageFault_Handler)
    i.__0printf                              0x08000a74   Section        0  printfa.o(i.__0printf)
    i.__scatterload_copy                     0x08000a94   Section       14  handlers.o(i.__scatterload_copy)
    i.__scatterload_null                     0x08000aa2   Section        2  handlers.o(i.__scatterload_null)
    i.__scatterload_zeroinit                 0x08000aa4   Section       14  handlers.o(i.__scatterload_zeroinit)
    i._fp_digits                             0x08000ab4   Section        0  printfa.o(i._fp_digits)
    _fp_digits                               0x08000ab5   Thumb Code   366  printfa.o(i._fp_digits)
    i._printf_core                           0x08000c38   Section        0  printfa.o(i._printf_core)
    _printf_core                             0x08000c39   Thumb Code  1704  printfa.o(i._printf_core)
    i._printf_post_padding                   0x080012ec   Section        0  printfa.o(i._printf_post_padding)
    _printf_post_padding                     0x080012ed   Thumb Code    36  printfa.o(i._printf_post_padding)
    i._printf_pre_padding                    0x08001310   Section        0  printfa.o(i._printf_pre_padding)
    _printf_pre_padding                      0x08001311   Thumb Code    46  printfa.o(i._printf_pre_padding)
    i.fputc                                  0x08001340   Section        0  serial.o(i.fputc)
    i.freertos_dome                          0x08001364   Section        0  main.o(i.freertos_dome)
    i.main                                   0x08001398   Section        0  main.o(i.main)
    i.prvAddCurrentTaskToDelayedList         0x080013ac   Section        0  tasks.o(i.prvAddCurrentTaskToDelayedList)
    prvAddCurrentTaskToDelayedList           0x080013ad   Thumb Code   138  tasks.o(i.prvAddCurrentTaskToDelayedList)
    i.prvAddNewTaskToReadyList               0x08001440   Section        0  tasks.o(i.prvAddNewTaskToReadyList)
    prvAddNewTaskToReadyList                 0x08001441   Thumb Code   158  tasks.o(i.prvAddNewTaskToReadyList)
    i.prvCheckForValidListAndQueue           0x080014ec   Section        0  timers.o(i.prvCheckForValidListAndQueue)
    prvCheckForValidListAndQueue             0x080014ed   Thumb Code    62  timers.o(i.prvCheckForValidListAndQueue)
    i.prvCheckTasksWaitingTermination        0x0800153c   Section        0  tasks.o(i.prvCheckTasksWaitingTermination)
    prvCheckTasksWaitingTermination          0x0800153d   Thumb Code    52  tasks.o(i.prvCheckTasksWaitingTermination)
    i.prvCopyDataFromQueue                   0x08001578   Section        0  queue.o(i.prvCopyDataFromQueue)
    prvCopyDataFromQueue                     0x08001579   Thumb Code    40  queue.o(i.prvCopyDataFromQueue)
    i.prvCopyDataToQueue                     0x080015a0   Section        0  queue.o(i.prvCopyDataToQueue)
    prvCopyDataToQueue                       0x080015a1   Thumb Code   110  queue.o(i.prvCopyDataToQueue)
    i.prvDeleteTCB                           0x0800160e   Section        0  tasks.o(i.prvDeleteTCB)
    prvDeleteTCB                             0x0800160f   Thumb Code    20  tasks.o(i.prvDeleteTCB)
    i.prvGetNextExpireTime                   0x08001624   Section        0  timers.o(i.prvGetNextExpireTime)
    prvGetNextExpireTime                     0x08001625   Thumb Code    30  timers.o(i.prvGetNextExpireTime)
    i.prvHeapInit                            0x08001648   Section        0  heap_4.o(i.prvHeapInit)
    prvHeapInit                              0x08001649   Thumb Code    62  heap_4.o(i.prvHeapInit)
    i.prvIdleTask                            0x08001690   Section        0  tasks.o(i.prvIdleTask)
    prvIdleTask                              0x08001691   Thumb Code    30  tasks.o(i.prvIdleTask)
    i.prvInitialiseNewQueue                  0x080016b8   Section        0  queue.o(i.prvInitialiseNewQueue)
    prvInitialiseNewQueue                    0x080016b9   Thumb Code    38  queue.o(i.prvInitialiseNewQueue)
    i.prvInitialiseNewTask                   0x080016e0   Section        0  tasks.o(i.prvInitialiseNewTask)
    prvInitialiseNewTask                     0x080016e1   Thumb Code   160  tasks.o(i.prvInitialiseNewTask)
    i.prvInitialiseTaskLists                 0x080017b0   Section        0  tasks.o(i.prvInitialiseTaskLists)
    prvInitialiseTaskLists                   0x080017b1   Thumb Code    74  tasks.o(i.prvInitialiseTaskLists)
    i.prvInsertBlockIntoFreeList             0x08001808   Section        0  heap_4.o(i.prvInsertBlockIntoFreeList)
    prvInsertBlockIntoFreeList               0x08001809   Thumb Code    78  heap_4.o(i.prvInsertBlockIntoFreeList)
    i.prvInsertTimerInActiveList             0x0800185c   Section        0  timers.o(i.prvInsertTimerInActiveList)
    prvInsertTimerInActiveList               0x0800185d   Thumb Code    60  timers.o(i.prvInsertTimerInActiveList)
    i.prvIsQueueEmpty                        0x0800189c   Section        0  queue.o(i.prvIsQueueEmpty)
    prvIsQueueEmpty                          0x0800189d   Thumb Code    26  queue.o(i.prvIsQueueEmpty)
    i.prvNotifyQueueSetContainer             0x080018b8   Section        0  queue.o(i.prvNotifyQueueSetContainer)
    prvNotifyQueueSetContainer               0x080018b9   Thumb Code   126  queue.o(i.prvNotifyQueueSetContainer)
    i.prvProcessExpiredTimer                 0x08001968   Section        0  timers.o(i.prvProcessExpiredTimer)
    prvProcessExpiredTimer                   0x08001969   Thumb Code    58  timers.o(i.prvProcessExpiredTimer)
    i.prvProcessReceivedCommands             0x080019a8   Section        0  timers.o(i.prvProcessReceivedCommands)
    prvProcessReceivedCommands               0x080019a9   Thumb Code   240  timers.o(i.prvProcessReceivedCommands)
    i.prvProcessTimerOrBlockTask             0x08001acc   Section        0  timers.o(i.prvProcessTimerOrBlockTask)
    prvProcessTimerOrBlockTask               0x08001acd   Thumb Code   100  timers.o(i.prvProcessTimerOrBlockTask)
    i.prvReloadTimer                         0x08001b38   Section        0  timers.o(i.prvReloadTimer)
    prvReloadTimer                           0x08001b39   Thumb Code    40  timers.o(i.prvReloadTimer)
    i.prvResetNextTaskUnblockTime            0x08001b60   Section        0  tasks.o(i.prvResetNextTaskUnblockTime)
    prvResetNextTaskUnblockTime              0x08001b61   Thumb Code    28  tasks.o(i.prvResetNextTaskUnblockTime)
    i.prvSampleTimeNow                       0x08001b80   Section        0  timers.o(i.prvSampleTimeNow)
    prvSampleTimeNow                         0x08001b81   Thumb Code    38  timers.o(i.prvSampleTimeNow)
    i.prvSwitchTimerLists                    0x08001bac   Section        0  timers.o(i.prvSwitchTimerLists)
    prvSwitchTimerLists                      0x08001bad   Thumb Code    38  timers.o(i.prvSwitchTimerLists)
    i.prvTaskExitError                       0x08001bd8   Section        0  port.o(i.prvTaskExitError)
    prvTaskExitError                         0x08001bd9   Thumb Code    34  port.o(i.prvTaskExitError)
    i.prvTimerTask                           0x08001c48   Section        0  timers.o(i.prvTimerTask)
    prvTimerTask                             0x08001c49   Thumb Code    20  timers.o(i.prvTimerTask)
    i.prvUnlockQueue                         0x08001c5c   Section        0  queue.o(i.prvUnlockQueue)
    prvUnlockQueue                           0x08001c5d   Thumb Code   124  queue.o(i.prvUnlockQueue)
    i.pvPortMalloc                           0x08001cd8   Section        0  heap_4.o(i.pvPortMalloc)
    i.pxPortInitialiseStack                  0x08001de4   Section        0  port.o(i.pxPortInitialiseStack)
    i.start_task                             0x08001e08   Section        0  main.o(i.start_task)
    i.task1                                  0x08001e60   Section        0  main.o(i.task1)
    i.task2                                  0x08001e90   Section        0  main.o(i.task2)
    i.uxListRemove                           0x08001ec0   Section        0  list.o(i.uxListRemove)
    i.uxTaskGetNumberOfTasks                 0x08001ee8   Section        0  tasks.o(i.uxTaskGetNumberOfTasks)
    i.vListInitialise                        0x08001ef4   Section        0  list.o(i.vListInitialise)
    i.vListInitialiseItem                    0x08001f0a   Section        0  list.o(i.vListInitialiseItem)
    i.vListInsert                            0x08001f10   Section        0  list.o(i.vListInsert)
    i.vListInsertEnd                         0x08001f40   Section        0  list.o(i.vListInsertEnd)
    i.vPortEnterCritical                     0x08001f58   Section        0  port.o(i.vPortEnterCritical)
    i.vPortExitCritical                      0x08001fdc   Section        0  port.o(i.vPortExitCritical)
    i.vPortFree                              0x08002050   Section        0  heap_4.o(i.vPortFree)
    i.vPortSetupTimerInterrupt               0x080020fc   Section        0  port.o(i.vPortSetupTimerInterrupt)
    i.vQueueAddToRegistry                    0x08002120   Section        0  queue.o(i.vQueueAddToRegistry)
    i.vQueueWaitForMessageRestricted         0x0800219c   Section        0  queue.o(i.vQueueWaitForMessageRestricted)
    i.vTaskDelay                             0x080021e4   Section        0  tasks.o(i.vTaskDelay)
    i.vTaskDelete                            0x08002260   Section        0  tasks.o(i.vTaskDelete)
    i.vTaskInternalSetTimeOutState           0x08002340   Section        0  tasks.o(i.vTaskInternalSetTimeOutState)
    i.vTaskMissedYield                       0x08002350   Section        0  tasks.o(i.vTaskMissedYield)
    i.vTaskPlaceOnEventList                  0x0800235c   Section        0  tasks.o(i.vTaskPlaceOnEventList)
    i.vTaskPlaceOnEventListRestricted        0x080023c0   Section        0  tasks.o(i.vTaskPlaceOnEventListRestricted)
    i.vTaskStartScheduler                    0x08002444   Section        0  tasks.o(i.vTaskStartScheduler)
    i.vTaskSuspendAll                        0x080024e0   Section        0  tasks.o(i.vTaskSuspendAll)
    i.vTaskSwitchContext                     0x080024f0   Section        0  tasks.o(i.vTaskSwitchContext)
    i.xPortStartScheduler                    0x0800257c   Section        0  port.o(i.xPortStartScheduler)
    i.xPortSysTickHandler                    0x080026bc   Section        0  port.o(i.xPortSysTickHandler)
    i.xQueueGenericCreate                    0x080026e8   Section        0  queue.o(i.xQueueGenericCreate)
    i.xQueueGenericReset                     0x08002768   Section        0  queue.o(i.xQueueGenericReset)
    i.xQueueReceive                          0x0800284c   Section        0  queue.o(i.xQueueReceive)
    i.xTaskCheckForTimeOut                   0x080029a8   Section        0  tasks.o(i.xTaskCheckForTimeOut)
    i.xTaskCreate                            0x08002a64   Section        0  tasks.o(i.xTaskCreate)
    i.xTaskGetSchedulerState                 0x08002acc   Section        0  tasks.o(i.xTaskGetSchedulerState)
    i.xTaskGetTickCount                      0x08002ae8   Section        0  tasks.o(i.xTaskGetTickCount)
    i.xTaskIncrementTick                     0x08002af4   Section        0  tasks.o(i.xTaskIncrementTick)
    i.xTaskPriorityDisinherit                0x08002c50   Section        0  tasks.o(i.xTaskPriorityDisinherit)
    i.xTaskRemoveFromEventList               0x08002d30   Section        0  tasks.o(i.xTaskRemoveFromEventList)
    i.xTaskResumeAll                         0x08002e3c   Section        0  tasks.o(i.xTaskResumeAll)
    i.xTimerCreateTimerTask                  0x08002f94   Section        0  timers.o(i.xTimerCreateTimerTask)
    .data                                    0x20000000   Section       20  system_stm32f4xx.o(.data)
    .data                                    0x20000014   Section       12  main.o(.data)
    .data                                    0x20000020   Section        2  serial.o(.data)
    .data                                    0x20000022   Section        2  serial2.o(.data)
    .data                                    0x20000024   Section        2  serial3.o(.data)
    .data                                    0x20000028   Section       64  tasks.o(.data)
    uxDeletedTasksWaitingCleanUp             0x2000002c   Data           4  tasks.o(.data)
    uxCurrentNumberOfTasks                   0x20000030   Data           4  tasks.o(.data)
    xTickCount                               0x20000034   Data           4  tasks.o(.data)
    uxTopReadyPriority                       0x20000038   Data           4  tasks.o(.data)
    xSchedulerRunning                        0x2000003c   Data           4  tasks.o(.data)
    xPendedTicks                             0x20000040   Data           4  tasks.o(.data)
    xYieldPending                            0x20000044   Data           4  tasks.o(.data)
    xNumOfOverflows                          0x20000048   Data           4  tasks.o(.data)
    uxTaskNumber                             0x2000004c   Data           4  tasks.o(.data)
    xNextTaskUnblockTime                     0x20000050   Data           4  tasks.o(.data)
    xIdleTaskHandle                          0x20000054   Data           4  tasks.o(.data)
    uxSchedulerSuspended                     0x2000005c   Data           4  tasks.o(.data)
    pxDelayedTaskList                        0x20000060   Data           4  tasks.o(.data)
    pxOverflowDelayedTaskList                0x20000064   Data           4  tasks.o(.data)
    .data                                    0x20000068   Section       20  timers.o(.data)
    xTimerQueue                              0x20000068   Data           4  timers.o(.data)
    xTimerTaskHandle                         0x2000006c   Data           4  timers.o(.data)
    xLastTime                                0x20000070   Data           4  timers.o(.data)
    pxCurrentTimerList                       0x20000074   Data           4  timers.o(.data)
    pxOverflowTimerList                      0x20000078   Data           4  timers.o(.data)
    .data                                    0x2000007c   Section       28  heap_4.o(.data)
    pxEnd                                    0x2000007c   Data           4  heap_4.o(.data)
    xFreeBytesRemaining                      0x20000080   Data           4  heap_4.o(.data)
    xMinimumEverFreeBytesRemaining           0x20000084   Data           4  heap_4.o(.data)
    xNumberOfSuccessfulAllocations           0x20000088   Data           4  heap_4.o(.data)
    xNumberOfSuccessfulFrees                 0x2000008c   Data           4  heap_4.o(.data)
    xStart                                   0x20000090   Data           8  heap_4.o(.data)
    .data                                    0x20000098   Section       12  port.o(.data)
    ucMaxSysCallPriority                     0x20000098   Data           1  port.o(.data)
    uxCriticalNesting                        0x2000009c   Data           4  port.o(.data)
    ulMaxPRIGROUPValue                       0x200000a0   Data           4  port.o(.data)
    .data                                    0x200000a4   Section        4  stdout.o(.data)
    .bss                                     0x200000a8   Section       64  queue.o(.bss)
    .bss                                     0x200000e8   Section      740  tasks.o(.bss)
    pxReadyTasksLists                        0x200000e8   Data         640  tasks.o(.bss)
    xDelayedTaskList1                        0x20000368   Data          20  tasks.o(.bss)
    xDelayedTaskList2                        0x2000037c   Data          20  tasks.o(.bss)
    xPendingReadyList                        0x20000390   Data          20  tasks.o(.bss)
    xTasksWaitingTermination                 0x200003a4   Data          20  tasks.o(.bss)
    xSuspendedTaskList                       0x200003b8   Data          20  tasks.o(.bss)
    .bss                                     0x200003cc   Section       40  timers.o(.bss)
    xActiveTimerList1                        0x200003cc   Data          20  timers.o(.bss)
    xActiveTimerList2                        0x200003e0   Data          20  timers.o(.bss)
    .bss                                     0x200003f4   Section    10240  heap_4.o(.bss)
    ucHeap                                   0x200003f4   Data       10240  heap_4.o(.bss)
    STACK                                    0x20002bf8   Section     1024  startup_stm32f4xx.o(STACK)

    Global Symbols

    Symbol Name                              Value     Ov Type        Size  Object(Section)

    BuildAttributes$$THM_ISAv4$E$P$D$K$B$S$7EM$VFPi3$EXTD16$VFPS$VFMA$PE$A:L22UL41UL21$X:L11$S22US41US21$IEEE1$IW$USESV6$~STKCKD$USESV7$~SHL$OSPACE$ROPI$EBA8$MICROLIB$REQ8$PRES8$EABIv2 0x00000000   Number         0  anon$$obj.o ABSOLUTE
    __ARM_use_no_argv                        0x00000000   Number         0  main.o ABSOLUTE
    _printf_a                                0x00000000   Number         0  stubs.o ABSOLUTE
    _printf_c                                0x00000000   Number         0  stubs.o ABSOLUTE
    _printf_charcount                        0x00000000   Number         0  stubs.o ABSOLUTE
    _printf_d                                0x00000000   Number         0  stubs.o ABSOLUTE
    _printf_e                                0x00000000   Number         0  stubs.o ABSOLUTE
    _printf_f                                0x00000000   Number         0  stubs.o ABSOLUTE
    _printf_flags                            0x00000000   Number         0  stubs.o ABSOLUTE
    _printf_fp_dec                           0x00000000   Number         0  stubs.o ABSOLUTE
    _printf_fp_hex                           0x00000000   Number         0  stubs.o ABSOLUTE
    _printf_g                                0x00000000   Number         0  stubs.o ABSOLUTE
    _printf_i                                0x00000000   Number         0  stubs.o ABSOLUTE
    _printf_int_dec                          0x00000000   Number         0  stubs.o ABSOLUTE
    _printf_l                                0x00000000   Number         0  stubs.o ABSOLUTE
    _printf_lc                               0x00000000   Number         0  stubs.o ABSOLUTE
    _printf_ll                               0x00000000   Number         0  stubs.o ABSOLUTE
    _printf_lld                              0x00000000   Number         0  stubs.o ABSOLUTE
    _printf_lli                              0x00000000   Number         0  stubs.o ABSOLUTE
    _printf_llo                              0x00000000   Number         0  stubs.o ABSOLUTE
    _printf_llu                              0x00000000   Number         0  stubs.o ABSOLUTE
    _printf_llx                              0x00000000   Number         0  stubs.o ABSOLUTE
    _printf_longlong_dec                     0x00000000   Number         0  stubs.o ABSOLUTE
    _printf_longlong_hex                     0x00000000   Number         0  stubs.o ABSOLUTE
    _printf_longlong_oct                     0x00000000   Number         0  stubs.o ABSOLUTE
    _printf_ls                               0x00000000   Number         0  stubs.o ABSOLUTE
    _printf_mbtowc                           0x00000000   Number         0  stubs.o ABSOLUTE
    _printf_n                                0x00000000   Number         0  stubs.o ABSOLUTE
    _printf_o                                0x00000000   Number         0  stubs.o ABSOLUTE
    _printf_p                                0x00000000   Number         0  stubs.o ABSOLUTE
    _printf_percent                          0x00000000   Number         0  stubs.o ABSOLUTE
    _printf_pre_padding                      0x00000000   Number         0  stubs.o ABSOLUTE
    _printf_return_value                     0x00000000   Number         0  stubs.o ABSOLUTE
    _printf_s                                0x00000000   Number         0  stubs.o ABSOLUTE
    _printf_sizespec                         0x00000000   Number         0  stubs.o ABSOLUTE
    _printf_str                              0x00000000   Number         0  stubs.o ABSOLUTE
    _printf_truncate_signed                  0x00000000   Number         0  stubs.o ABSOLUTE
    _printf_truncate_unsigned                0x00000000   Number         0  stubs.o ABSOLUTE
    _printf_u                                0x00000000   Number         0  stubs.o ABSOLUTE
    _printf_wc                               0x00000000   Number         0  stubs.o ABSOLUTE
    _printf_wctomb                           0x00000000   Number         0  stubs.o ABSOLUTE
    _printf_widthprec                        0x00000000   Number         0  stubs.o ABSOLUTE
    _printf_x                                0x00000000   Number         0  stubs.o ABSOLUTE
    __arm_fini_                               - Undefined Weak Reference
    __cpp_initialize__aeabi_                  - Undefined Weak Reference
    __cxa_finalize                            - Undefined Weak Reference
    __decompress                              - Undefined Weak Reference
    _clock_init                               - Undefined Weak Reference
    _microlib_exit                            - Undefined Weak Reference
    __Vectors_Size                           0x00000188   Number         0  startup_stm32f4xx.o ABSOLUTE
    __Vectors                                0x08000000   Data           4  startup_stm32f4xx.o(RESET)
    __Vectors_End                            0x08000188   Data           0  startup_stm32f4xx.o(RESET)
    __main                                   0x08000189   Thumb Code     0  entry.o(.ARM.Collect$$$$00000000)
    _main_stk                                0x08000189   Thumb Code     0  entry2.o(.ARM.Collect$$$$00000001)
    _main_scatterload                        0x0800018d   Thumb Code     0  entry5.o(.ARM.Collect$$$$00000004)
    __main_after_scatterload                 0x08000191   Thumb Code     0  entry5.o(.ARM.Collect$$$$00000004)
    _main_clock                              0x08000191   Thumb Code     0  entry7b.o(.ARM.Collect$$$$00000008)
    _main_cpp_init                           0x08000191   Thumb Code     0  entry8b.o(.ARM.Collect$$$$0000000A)
    _main_init                               0x08000191   Thumb Code     0  entry9a.o(.ARM.Collect$$$$0000000B)
    __rt_lib_shutdown_fini                   0x08000199   Thumb Code     0  entry12b.o(.ARM.Collect$$$$0000000E)
    __rt_final_cpp                           0x0800019d   Thumb Code     0  entry10a.o(.ARM.Collect$$$$0000000F)
    __rt_final_exit                          0x0800019d   Thumb Code     0  entry11a.o(.ARM.Collect$$$$00000011)
    __asm___6_port_c_39a90d8d____REV16       0x080001a1   Thumb Code     4  port.o(.emb_text)
    __asm___6_port_c_39a90d8d____REVSH       0x080001a5   Thumb Code     4  port.o(.emb_text)
    SVC_Handler                              0x080001a9   Thumb Code    28  port.o(.emb_text)
    __asm___6_port_c_39a90d8d__prvStartFirstTask 0x080001c9   Thumb Code    36  port.o(.emb_text)
    __asm___6_port_c_39a90d8d__prvEnableVFP  0x080001f1   Thumb Code    16  port.o(.emb_text)
    PendSV_Handler                           0x08000205   Thumb Code    88  port.o(.emb_text)
    vPortGetIPSR                             0x08000261   Thumb Code     6  port.o(.emb_text)
    Reset_Handler                            0x08000269   Thumb Code     8  startup_stm32f4xx.o(.text)
    ADC_IRQHandler                           0x08000283   Thumb Code     0  startup_stm32f4xx.o(.text)
    CAN1_RX0_IRQHandler                      0x08000283   Thumb Code     0  startup_stm32f4xx.o(.text)
    CAN1_RX1_IRQHandler                      0x08000283   Thumb Code     0  startup_stm32f4xx.o(.text)
    CAN1_SCE_IRQHandler                      0x08000283   Thumb Code     0  startup_stm32f4xx.o(.text)
    CAN1_TX_IRQHandler                       0x08000283   Thumb Code     0  startup_stm32f4xx.o(.text)
    CAN2_RX0_IRQHandler                      0x08000283   Thumb Code     0  startup_stm32f4xx.o(.text)
    CAN2_RX1_IRQHandler                      0x08000283   Thumb Code     0  startup_stm32f4xx.o(.text)
    CAN2_SCE_IRQHandler                      0x08000283   Thumb Code     0  startup_stm32f4xx.o(.text)
    CAN2_TX_IRQHandler                       0x08000283   Thumb Code     0  startup_stm32f4xx.o(.text)
    CRYP_IRQHandler                          0x08000283   Thumb Code     0  startup_stm32f4xx.o(.text)
    DCMI_IRQHandler                          0x08000283   Thumb Code     0  startup_stm32f4xx.o(.text)
    DMA1_Stream0_IRQHandler                  0x08000283   Thumb Code     0  startup_stm32f4xx.o(.text)
    DMA1_Stream1_IRQHandler                  0x08000283   Thumb Code     0  startup_stm32f4xx.o(.text)
    DMA1_Stream2_IRQHandler                  0x08000283   Thumb Code     0  startup_stm32f4xx.o(.text)
    DMA1_Stream3_IRQHandler                  0x08000283   Thumb Code     0  startup_stm32f4xx.o(.text)
    DMA1_Stream4_IRQHandler                  0x08000283   Thumb Code     0  startup_stm32f4xx.o(.text)
    DMA1_Stream5_IRQHandler                  0x08000283   Thumb Code     0  startup_stm32f4xx.o(.text)
    DMA1_Stream6_IRQHandler                  0x08000283   Thumb Code     0  startup_stm32f4xx.o(.text)
    DMA1_Stream7_IRQHandler                  0x08000283   Thumb Code     0  startup_stm32f4xx.o(.text)
    DMA2_Stream0_IRQHandler                  0x08000283   Thumb Code     0  startup_stm32f4xx.o(.text)
    DMA2_Stream1_IRQHandler                  0x08000283   Thumb Code     0  startup_stm32f4xx.o(.text)
    DMA2_Stream2_IRQHandler                  0x08000283   Thumb Code     0  startup_stm32f4xx.o(.text)
    DMA2_Stream3_IRQHandler                  0x08000283   Thumb Code     0  startup_stm32f4xx.o(.text)
    DMA2_Stream4_IRQHandler                  0x08000283   Thumb Code     0  startup_stm32f4xx.o(.text)
    DMA2_Stream5_IRQHandler                  0x08000283   Thumb Code     0  startup_stm32f4xx.o(.text)
    DMA2_Stream6_IRQHandler                  0x08000283   Thumb Code     0  startup_stm32f4xx.o(.text)
    DMA2_Stream7_IRQHandler                  0x08000283   Thumb Code     0  startup_stm32f4xx.o(.text)
    ETH_IRQHandler                           0x08000283   Thumb Code     0  startup_stm32f4xx.o(.text)
    ETH_WKUP_IRQHandler                      0x08000283   Thumb Code     0  startup_stm32f4xx.o(.text)
    EXTI0_IRQHandler                         0x08000283   Thumb Code     0  startup_stm32f4xx.o(.text)
    EXTI15_10_IRQHandler                     0x08000283   Thumb Code     0  startup_stm32f4xx.o(.text)
    EXTI1_IRQHandler                         0x08000283   Thumb Code     0  startup_stm32f4xx.o(.text)
    EXTI2_IRQHandler                         0x08000283   Thumb Code     0  startup_stm32f4xx.o(.text)
    EXTI3_IRQHandler                         0x08000283   Thumb Code     0  startup_stm32f4xx.o(.text)
    EXTI4_IRQHandler                         0x08000283   Thumb Code     0  startup_stm32f4xx.o(.text)
    EXTI9_5_IRQHandler                       0x08000283   Thumb Code     0  startup_stm32f4xx.o(.text)
    FLASH_IRQHandler                         0x08000283   Thumb Code     0  startup_stm32f4xx.o(.text)
    FPU_IRQHandler                           0x08000283   Thumb Code     0  startup_stm32f4xx.o(.text)
    FSMC_IRQHandler                          0x08000283   Thumb Code     0  startup_stm32f4xx.o(.text)
    HASH_RNG_IRQHandler                      0x08000283   Thumb Code     0  startup_stm32f4xx.o(.text)
    I2C1_ER_IRQHandler                       0x08000283   Thumb Code     0  startup_stm32f4xx.o(.text)
    I2C1_EV_IRQHandler                       0x08000283   Thumb Code     0  startup_stm32f4xx.o(.text)
    I2C2_ER_IRQHandler                       0x08000283   Thumb Code     0  startup_stm32f4xx.o(.text)
    I2C2_EV_IRQHandler                       0x08000283   Thumb Code     0  startup_stm32f4xx.o(.text)
    I2C3_ER_IRQHandler                       0x08000283   Thumb Code     0  startup_stm32f4xx.o(.text)
    I2C3_EV_IRQHandler                       0x08000283   Thumb Code     0  startup_stm32f4xx.o(.text)
    OTG_FS_IRQHandler                        0x08000283   Thumb Code     0  startup_stm32f4xx.o(.text)
    OTG_FS_WKUP_IRQHandler                   0x08000283   Thumb Code     0  startup_stm32f4xx.o(.text)
    OTG_HS_EP1_IN_IRQHandler                 0x08000283   Thumb Code     0  startup_stm32f4xx.o(.text)
    OTG_HS_EP1_OUT_IRQHandler                0x08000283   Thumb Code     0  startup_stm32f4xx.o(.text)
    OTG_HS_IRQHandler                        0x08000283   Thumb Code     0  startup_stm32f4xx.o(.text)
    OTG_HS_WKUP_IRQHandler                   0x08000283   Thumb Code     0  startup_stm32f4xx.o(.text)
    PVD_IRQHandler                           0x08000283   Thumb Code     0  startup_stm32f4xx.o(.text)
    RCC_IRQHandler                           0x08000283   Thumb Code     0  startup_stm32f4xx.o(.text)
    RTC_Alarm_IRQHandler                     0x08000283   Thumb Code     0  startup_stm32f4xx.o(.text)
    RTC_WKUP_IRQHandler                      0x08000283   Thumb Code     0  startup_stm32f4xx.o(.text)
    SDIO_IRQHandler                          0x08000283   Thumb Code     0  startup_stm32f4xx.o(.text)
    SPI1_IRQHandler                          0x08000283   Thumb Code     0  startup_stm32f4xx.o(.text)
    SPI2_IRQHandler                          0x08000283   Thumb Code     0  startup_stm32f4xx.o(.text)
    SPI3_IRQHandler                          0x08000283   Thumb Code     0  startup_stm32f4xx.o(.text)
    TAMP_STAMP_IRQHandler                    0x08000283   Thumb Code     0  startup_stm32f4xx.o(.text)
    TIM1_BRK_TIM9_IRQHandler                 0x08000283   Thumb Code     0  startup_stm32f4xx.o(.text)
    TIM1_CC_IRQHandler                       0x08000283   Thumb Code     0  startup_stm32f4xx.o(.text)
    TIM1_TRG_COM_TIM11_IRQHandler            0x08000283   Thumb Code     0  startup_stm32f4xx.o(.text)
    TIM1_UP_TIM10_IRQHandler                 0x08000283   Thumb Code     0  startup_stm32f4xx.o(.text)
    TIM2_IRQHandler                          0x08000283   Thumb Code     0  startup_stm32f4xx.o(.text)
    TIM3_IRQHandler                          0x08000283   Thumb Code     0  startup_stm32f4xx.o(.text)
    TIM4_IRQHandler                          0x08000283   Thumb Code     0  startup_stm32f4xx.o(.text)
    TIM5_IRQHandler                          0x08000283   Thumb Code     0  startup_stm32f4xx.o(.text)
    TIM6_DAC_IRQHandler                      0x08000283   Thumb Code     0  startup_stm32f4xx.o(.text)
    TIM7_IRQHandler                          0x08000283   Thumb Code     0  startup_stm32f4xx.o(.text)
    TIM8_BRK_TIM12_IRQHandler                0x08000283   Thumb Code     0  startup_stm32f4xx.o(.text)
    TIM8_CC_IRQHandler                       0x08000283   Thumb Code     0  startup_stm32f4xx.o(.text)
    TIM8_TRG_COM_TIM14_IRQHandler            0x08000283   Thumb Code     0  startup_stm32f4xx.o(.text)
    TIM8_UP_TIM13_IRQHandler                 0x08000283   Thumb Code     0  startup_stm32f4xx.o(.text)
    UART4_IRQHandler                         0x08000283   Thumb Code     0  startup_stm32f4xx.o(.text)
    UART5_IRQHandler                         0x08000283   Thumb Code     0  startup_stm32f4xx.o(.text)
    USART6_IRQHandler                        0x08000283   Thumb Code     0  startup_stm32f4xx.o(.text)
    WWDG_IRQHandler                          0x08000283   Thumb Code     0  startup_stm32f4xx.o(.text)
    __aeabi_memcpy                           0x0800028d   Thumb Code    36  memcpya.o(.text)
    __aeabi_memcpy4                          0x0800028d   Thumb Code     0  memcpya.o(.text)
    __aeabi_memcpy8                          0x0800028d   Thumb Code     0  memcpya.o(.text)
    __aeabi_memset                           0x080002b1   Thumb Code    14  memseta.o(.text)
    __aeabi_memset4                          0x080002b1   Thumb Code     0  memseta.o(.text)
    __aeabi_memset8                          0x080002b1   Thumb Code     0  memseta.o(.text)
    __aeabi_memclr                           0x080002bf   Thumb Code     4  memseta.o(.text)
    __aeabi_memclr4                          0x080002bf   Thumb Code     0  memseta.o(.text)
    __aeabi_memclr8                          0x080002bf   Thumb Code     0  memseta.o(.text)
    memset                                   0x080002c3   Thumb Code    18  memseta.o(.text)
    __aeabi_dadd                             0x080002d5   Thumb Code   322  dadd.o(.text)
    __aeabi_dsub                             0x08000417   Thumb Code     6  dadd.o(.text)
    __aeabi_drsub                            0x0800041d   Thumb Code     6  dadd.o(.text)
    __aeabi_dmul                             0x08000423   Thumb Code   228  dmul.o(.text)
    __aeabi_uidiv                            0x08000507   Thumb Code     0  uidiv.o(.text)
    __aeabi_uidivmod                         0x08000507   Thumb Code    44  uidiv.o(.text)
    __aeabi_uldivmod                         0x08000533   Thumb Code    98  uldiv.o(.text)
    __aeabi_llsl                             0x08000595   Thumb Code    30  llshl.o(.text)
    _ll_shift_l                              0x08000595   Thumb Code     0  llshl.o(.text)
    __aeabi_llsr                             0x080005b3   Thumb Code    32  llushr.o(.text)
    _ll_ushift_r                             0x080005b3   Thumb Code     0  llushr.o(.text)
    __aeabi_lasr                             0x080005d3   Thumb Code    36  llsshr.o(.text)
    _ll_sshift_r                             0x080005d3   Thumb Code     0  llsshr.o(.text)
    __I$use$fp                               0x080005f7   Thumb Code     0  iusefp.o(.text)
    _double_round                            0x080005f7   Thumb Code    30  depilogue.o(.text)
    _double_epilogue                         0x08000615   Thumb Code   156  depilogue.o(.text)
    __aeabi_ddiv                             0x080006b1   Thumb Code   222  ddiv.o(.text)
    __aeabi_d2ulz                            0x0800078f   Thumb Code    48  dfixul.o(.text)
    __aeabi_cdrcmple                         0x080007c1   Thumb Code    48  cdrcmple.o(.text)
    __scatterload                            0x080007f1   Thumb Code    28  init.o(.text)
    __scatterload_rt2                        0x080007f1   Thumb Code     0  init.o(.text)
    BusFault_Handler                         0x08000815   Thumb Code     2  stm32f4xx_it.o(i.BusFault_Handler)
    DebugMon_Handler                         0x08000817   Thumb Code     2  stm32f4xx_it.o(i.DebugMon_Handler)
    GPIO_WriteBit                            0x08000819   Thumb Code    12  stm32f4xx_gpio.o(i.GPIO_WriteBit)
    HardFault_Handler                        0x08000825   Thumb Code     2  stm32f4xx_it.o(i.HardFault_Handler)
    MemManage_Handler                        0x08000827   Thumb Code     2  stm32f4xx_it.o(i.MemManage_Handler)
    NMI_Handler                              0x08000829   Thumb Code     2  stm32f4xx_it.o(i.NMI_Handler)
    NVIC_PriorityGroupConfig                 0x0800082d   Thumb Code    10  misc.o(i.NVIC_PriorityGroupConfig)
    SysTick_Handler                          0x080008f9   Thumb Code    20  main.o(i.SysTick_Handler)
    SystemInit                               0x0800090d   Thumb Code    74  system_stm32f4xx.o(i.SystemInit)
    USART1_IRQHandler                        0x08000969   Thumb Code    44  serial.o(i.USART1_IRQHandler)
    USART2_IRQHandler                        0x0800099d   Thumb Code    44  serial2.o(i.USART2_IRQHandler)
    USART3_IRQHandler                        0x080009d1   Thumb Code    44  serial3.o(i.USART3_IRQHandler)
    USART_ClearITPendingBit                  0x08000a05   Thumb Code    16  stm32f4xx_usart.o(i.USART_ClearITPendingBit)
    USART_GetFlagStatus                      0x08000a15   Thumb Code    14  stm32f4xx_usart.o(i.USART_GetFlagStatus)
    USART_GetITStatus                        0x08000a23   Thumb Code    64  stm32f4xx_usart.o(i.USART_GetITStatus)
    USART_ReceiveData                        0x08000a63   Thumb Code     8  stm32f4xx_usart.o(i.USART_ReceiveData)
    USART_SendData                           0x08000a6b   Thumb Code     8  stm32f4xx_usart.o(i.USART_SendData)
    UsageFault_Handler                       0x08000a73   Thumb Code     2  stm32f4xx_it.o(i.UsageFault_Handler)
    __0printf                                0x08000a75   Thumb Code    22  printfa.o(i.__0printf)
    __1printf                                0x08000a75   Thumb Code     0  printfa.o(i.__0printf)
    __2printf                                0x08000a75   Thumb Code     0  printfa.o(i.__0printf)
    __c89printf                              0x08000a75   Thumb Code     0  printfa.o(i.__0printf)
    printf                                   0x08000a75   Thumb Code     0  printfa.o(i.__0printf)
    __scatterload_copy                       0x08000a95   Thumb Code    14  handlers.o(i.__scatterload_copy)
    __scatterload_null                       0x08000aa3   Thumb Code     2  handlers.o(i.__scatterload_null)
    __scatterload_zeroinit                   0x08000aa5   Thumb Code    14  handlers.o(i.__scatterload_zeroinit)
    fputc                                    0x08001341   Thumb Code    30  serial.o(i.fputc)
    freertos_dome                            0x08001365   Thumb Code    30  main.o(i.freertos_dome)
    main                                     0x08001399   Thumb Code    18  main.o(i.main)
    pvPortMalloc                             0x08001cd9   Thumb Code   196  heap_4.o(i.pvPortMalloc)
    pxPortInitialiseStack                    0x08001de5   Thumb Code    30  port.o(i.pxPortInitialiseStack)
    start_task                               0x08001e09   Thumb Code    60  main.o(i.start_task)
    task1                                    0x08001e61   Thumb Code    44  main.o(i.task1)
    task2                                    0x08001e91   Thumb Code    44  main.o(i.task2)
    uxListRemove                             0x08001ec1   Thumb Code    38  list.o(i.uxListRemove)
    uxTaskGetNumberOfTasks                   0x08001ee9   Thumb Code     6  tasks.o(i.uxTaskGetNumberOfTasks)
    vListInitialise                          0x08001ef5   Thumb Code    22  list.o(i.vListInitialise)
    vListInitialiseItem                      0x08001f0b   Thumb Code     6  list.o(i.vListInitialiseItem)
    vListInsert                              0x08001f11   Thumb Code    48  list.o(i.vListInsert)
    vListInsertEnd                           0x08001f41   Thumb Code    24  list.o(i.vListInsertEnd)
    vPortEnterCritical                       0x08001f59   Thumb Code    50  port.o(i.vPortEnterCritical)
    vPortExitCritical                        0x08001fdd   Thumb Code    38  port.o(i.vPortExitCritical)
    vPortFree                                0x08002051   Thumb Code    98  heap_4.o(i.vPortFree)
    vPortSetupTimerInterrupt                 0x080020fd   Thumb Code    32  port.o(i.vPortSetupTimerInterrupt)
    vQueueAddToRegistry                      0x08002121   Thumb Code    72  queue.o(i.vQueueAddToRegistry)
    vQueueWaitForMessageRestricted           0x0800219d   Thumb Code    70  queue.o(i.vQueueWaitForMessageRestricted)
    vTaskDelay                               0x080021e5   Thumb Code    66  tasks.o(i.vTaskDelay)
    vTaskDelete                              0x08002261   Thumb Code   158  tasks.o(i.vTaskDelete)
    vTaskInternalSetTimeOutState             0x08002341   Thumb Code    12  tasks.o(i.vTaskInternalSetTimeOutState)
    vTaskMissedYield                         0x08002351   Thumb Code     8  tasks.o(i.vTaskMissedYield)
    vTaskPlaceOnEventList                    0x0800235d   Thumb Code    46  tasks.o(i.vTaskPlaceOnEventList)
    vTaskPlaceOnEventListRestricted          0x080023c1   Thumb Code    80  tasks.o(i.vTaskPlaceOnEventListRestricted)
    vTaskStartScheduler                      0x08002445   Thumb Code    92  tasks.o(i.vTaskStartScheduler)
    vTaskSuspendAll                          0x080024e1   Thumb Code    10  tasks.o(i.vTaskSuspendAll)
    vTaskSwitchContext                       0x080024f1   Thumb Code    84  tasks.o(i.vTaskSwitchContext)
    xPortStartScheduler                      0x0800257d   Thumb Code   228  port.o(i.xPortStartScheduler)
    xPortSysTickHandler                      0x080026bd   Thumb Code    38  port.o(i.xPortSysTickHandler)
    xQueueGenericCreate                      0x080026e9   Thumb Code    78  queue.o(i.xQueueGenericCreate)
    xQueueGenericReset                       0x08002769   Thumb Code   174  queue.o(i.xQueueGenericReset)
    xQueueReceive                            0x0800284d   Thumb Code   296  queue.o(i.xQueueReceive)
    xTaskCheckForTimeOut                     0x080029a9   Thumb Code   134  tasks.o(i.xTaskCheckForTimeOut)
    xTaskCreate                              0x08002a65   Thumb Code   104  tasks.o(i.xTaskCreate)
    xTaskGetSchedulerState                   0x08002acd   Thumb Code    24  tasks.o(i.xTaskGetSchedulerState)
    xTaskGetTickCount                        0x08002ae9   Thumb Code     6  tasks.o(i.xTaskGetTickCount)
    xTaskIncrementTick                       0x08002af5   Thumb Code   292  tasks.o(i.xTaskIncrementTick)
    xTaskPriorityDisinherit                  0x08002c51   Thumb Code   166  tasks.o(i.xTaskPriorityDisinherit)
    xTaskRemoveFromEventList                 0x08002d31   Thumb Code   206  tasks.o(i.xTaskRemoveFromEventList)
    xTaskResumeAll                           0x08002e3d   Thumb Code   280  tasks.o(i.xTaskResumeAll)
    xTimerCreateTimerTask                    0x08002f95   Thumb Code    58  timers.o(i.xTimerCreateTimerTask)
    Region$$Table$$Base                      0x08003010   Number         0  anon$$obj.o(Region$$Table)
    Region$$Table$$Limit                     0x08003030   Number         0  anon$$obj.o(Region$$Table)
    SystemCoreClock                          0x20000000   Data           4  system_stm32f4xx.o(.data)
    AHBPrescTable                            0x20000004   Data          16  system_stm32f4xx.o(.data)
    StartTask_Handler                        0x20000014   Data           4  main.o(.data)
    Task1_Handler                            0x20000018   Data           4  main.o(.data)
    Task2_Handler                            0x2000001c   Data           4  main.o(.data)
    RxData                                   0x20000020   Data           1  serial.o(.data)
    Serial_RxFlag1                           0x20000021   Data           1  serial.o(.data)
    Serial_RxFlag2                           0x20000022   Data           1  serial2.o(.data)
    RxData2                                  0x20000023   Data           1  serial2.o(.data)
    Serial_RxFlag3                           0x20000024   Data           1  serial3.o(.data)
    RxData3                                  0x20000025   Data           1  serial3.o(.data)
    pxCurrentTCB                             0x20000028   Data           4  tasks.o(.data)
    uxTopUsedPriority                        0x20000058   Data           4  tasks.o(.data)
    __stdout                                 0x200000a4   Data           4  stdout.o(.data)
    xQueueRegistry                           0x200000a8   Data          64  queue.o(.bss)
    __initial_sp                             0x20002ff8   Data           0  startup_stm32f4xx.o(STACK)



==============================================================================

Memory Map of the image

  Image Entry point : 0x08000189

  Load Region LR_IROM1 (Base: 0x08000000, Size: 0x000030d8, Max: 0x00100000, ABSOLUTE)

    Execution Region ER_IROM1 (Exec base: 0x08000000, Load base: 0x08000000, Size: 0x00003030, Max: 0x00100000, ABSOLUTE)

    Exec Addr    Load Addr    Size         Type   Attr      Idx    E Section Name        Object

    0x08000000   0x08000000   0x00000188   Data   RO            3    RESET               startup_stm32f4xx.o
    0x08000188   0x08000188   0x00000000   Code   RO         6070  * .ARM.Collect$$$$00000000  mc_w.l(entry.o)
    0x08000188   0x08000188   0x00000004   Code   RO         6362    .ARM.Collect$$$$00000001  mc_w.l(entry2.o)
    0x0800018c   0x0800018c   0x00000004   Code   RO         6365    .ARM.Collect$$$$00000004  mc_w.l(entry5.o)
    0x08000190   0x08000190   0x00000000   Code   RO         6367    .ARM.Collect$$$$00000008  mc_w.l(entry7b.o)
    0x08000190   0x08000190   0x00000000   Code   RO         6369    .ARM.Collect$$$$0000000A  mc_w.l(entry8b.o)
    0x08000190   0x08000190   0x00000008   Code   RO         6370    .ARM.Collect$$$$0000000B  mc_w.l(entry9a.o)
    0x08000198   0x08000198   0x00000004   Code   RO         6377    .ARM.Collect$$$$0000000E  mc_w.l(entry12b.o)
    0x0800019c   0x0800019c   0x00000000   Code   RO         6372    .ARM.Collect$$$$0000000F  mc_w.l(entry10a.o)
    0x0800019c   0x0800019c   0x00000000   Code   RO         6374    .ARM.Collect$$$$00000011  mc_w.l(entry11a.o)
    0x0800019c   0x0800019c   0x00000004   Code   RO         6363    .ARM.Collect$$$$00002712  mc_w.l(entry2.o)
    0x080001a0   0x080001a0   0x000000c6   Code   RO         5993    .emb_text           port.o
    0x08000266   0x08000266   0x00000002   PAD
    0x08000268   0x08000268   0x00000024   Code   RO            4    .text               startup_stm32f4xx.o
    0x0800028c   0x0800028c   0x00000024   Code   RO         6073    .text               mc_w.l(memcpya.o)
    0x080002b0   0x080002b0   0x00000024   Code   RO         6077    .text               mc_w.l(memseta.o)
    0x080002d4   0x080002d4   0x0000014e   Code   RO         6346    .text               mf_w.l(dadd.o)
    0x08000422   0x08000422   0x000000e4   Code   RO         6348    .text               mf_w.l(dmul.o)
    0x08000506   0x08000506   0x0000002c   Code   RO         6379    .text               mc_w.l(uidiv.o)
    0x08000532   0x08000532   0x00000062   Code   RO         6381    .text               mc_w.l(uldiv.o)
    0x08000594   0x08000594   0x0000001e   Code   RO         6383    .text               mc_w.l(llshl.o)
    0x080005b2   0x080005b2   0x00000020   Code   RO         6385    .text               mc_w.l(llushr.o)
    0x080005d2   0x080005d2   0x00000024   Code   RO         6387    .text               mc_w.l(llsshr.o)
    0x080005f6   0x080005f6   0x00000000   Code   RO         6389    .text               mc_w.l(iusefp.o)
    0x080005f6   0x080005f6   0x000000ba   Code   RO         6390    .text               mf_w.l(depilogue.o)
    0x080006b0   0x080006b0   0x000000de   Code   RO         6392    .text               mf_w.l(ddiv.o)
    0x0800078e   0x0800078e   0x00000030   Code   RO         6394    .text               mf_w.l(dfixul.o)
    0x080007be   0x080007be   0x00000002   PAD
    0x080007c0   0x080007c0   0x00000030   Code   RO         6396    .text               mf_w.l(cdrcmple.o)
    0x080007f0   0x080007f0   0x00000024   Code   RO         6398    .text               mc_w.l(init.o)
    0x08000814   0x08000814   0x00000002   Code   RO         4030    i.BusFault_Handler  stm32f4xx_it.o
    0x08000816   0x08000816   0x00000002   Code   RO         4031    i.DebugMon_Handler  stm32f4xx_it.o
    0x08000818   0x08000818   0x0000000c   Code   RO          405    i.GPIO_WriteBit     stm32f4xx_gpio.o
    0x08000824   0x08000824   0x00000002   Code   RO         4032    i.HardFault_Handler  stm32f4xx_it.o
    0x08000826   0x08000826   0x00000002   Code   RO         4033    i.MemManage_Handler  stm32f4xx_it.o
    0x08000828   0x08000828   0x00000002   Code   RO         4034    i.NMI_Handler       stm32f4xx_it.o
    0x0800082a   0x0800082a   0x00000002   PAD
    0x0800082c   0x0800082c   0x00000014   Code   RO          487    i.NVIC_PriorityGroupConfig  misc.o
    0x08000840   0x08000840   0x000000b8   Code   RO         3997    i.SetSysClock       system_stm32f4xx.o
    0x080008f8   0x080008f8   0x00000014   Code   RO         4079    i.SysTick_Handler   main.o
    0x0800090c   0x0800090c   0x0000005c   Code   RO         3999    i.SystemInit        system_stm32f4xx.o
    0x08000968   0x08000968   0x00000034   Code   RO         4462    i.USART1_IRQHandler  serial.o
    0x0800099c   0x0800099c   0x00000034   Code   RO         4613    i.USART2_IRQHandler  serial2.o
    0x080009d0   0x080009d0   0x00000034   Code   RO         4681    i.USART3_IRQHandler  serial3.o
    0x08000a04   0x08000a04   0x00000010   Code   RO         3756    i.USART_ClearITPendingBit  stm32f4xx_usart.o
    0x08000a14   0x08000a14   0x0000000e   Code   RO         3762    i.USART_GetFlagStatus  stm32f4xx_usart.o
    0x08000a22   0x08000a22   0x00000040   Code   RO         3763    i.USART_GetITStatus  stm32f4xx_usart.o
    0x08000a62   0x08000a62   0x00000008   Code   RO         3773    i.USART_ReceiveData  stm32f4xx_usart.o
    0x08000a6a   0x08000a6a   0x00000008   Code   RO         3776    i.USART_SendData    stm32f4xx_usart.o
    0x08000a72   0x08000a72   0x00000002   Code   RO         4035    i.UsageFault_Handler  stm32f4xx_it.o
    0x08000a74   0x08000a74   0x00000020   Code   RO         6318    i.__0printf         mc_w.l(printfa.o)
    0x08000a94   0x08000a94   0x0000000e   Code   RO         6402    i.__scatterload_copy  mc_w.l(handlers.o)
    0x08000aa2   0x08000aa2   0x00000002   Code   RO         6403    i.__scatterload_null  mc_w.l(handlers.o)
    0x08000aa4   0x08000aa4   0x0000000e   Code   RO         6404    i.__scatterload_zeroinit  mc_w.l(handlers.o)
    0x08000ab2   0x08000ab2   0x00000002   PAD
    0x08000ab4   0x08000ab4   0x00000184   Code   RO         6325    i._fp_digits        mc_w.l(printfa.o)
    0x08000c38   0x08000c38   0x000006b4   Code   RO         6326    i._printf_core      mc_w.l(printfa.o)
    0x080012ec   0x080012ec   0x00000024   Code   RO         6327    i._printf_post_padding  mc_w.l(printfa.o)
    0x08001310   0x08001310   0x0000002e   Code   RO         6328    i._printf_pre_padding  mc_w.l(printfa.o)
    0x0800133e   0x0800133e   0x00000002   PAD
    0x08001340   0x08001340   0x00000024   Code   RO         4463    i.fputc             serial.o
    0x08001364   0x08001364   0x00000034   Code   RO         4080    i.freertos_dome     main.o
    0x08001398   0x08001398   0x00000012   Code   RO         4081    i.main              main.o
    0x080013aa   0x080013aa   0x00000002   PAD
    0x080013ac   0x080013ac   0x00000094   Code   RO         5337    i.prvAddCurrentTaskToDelayedList  tasks.o
    0x08001440   0x08001440   0x000000ac   Code   RO         5338    i.prvAddNewTaskToReadyList  tasks.o
    0x080014ec   0x080014ec   0x00000050   Code   RO         5754    i.prvCheckForValidListAndQueue  timers.o
    0x0800153c   0x0800153c   0x0000003c   Code   RO         5339    i.prvCheckTasksWaitingTermination  tasks.o
    0x08001578   0x08001578   0x00000028   Code   RO         4913    i.prvCopyDataFromQueue  queue.o
    0x080015a0   0x080015a0   0x0000006e   Code   RO         4914    i.prvCopyDataToQueue  queue.o
    0x0800160e   0x0800160e   0x00000014   Code   RO         5340    i.prvDeleteTCB      tasks.o
    0x08001622   0x08001622   0x00000002   PAD
    0x08001624   0x08001624   0x00000024   Code   RO         5755    i.prvGetNextExpireTime  timers.o
    0x08001648   0x08001648   0x00000048   Code   RO         5929    i.prvHeapInit       heap_4.o
    0x08001690   0x08001690   0x00000028   Code   RO         5341    i.prvIdleTask       tasks.o
    0x080016b8   0x080016b8   0x00000026   Code   RO         4917    i.prvInitialiseNewQueue  queue.o
    0x080016de   0x080016de   0x00000002   PAD
    0x080016e0   0x080016e0   0x000000d0   Code   RO         5342    i.prvInitialiseNewTask  tasks.o
    0x080017b0   0x080017b0   0x00000058   Code   RO         5343    i.prvInitialiseTaskLists  tasks.o
    0x08001808   0x08001808   0x00000054   Code   RO         5930    i.prvInsertBlockIntoFreeList  heap_4.o
    0x0800185c   0x0800185c   0x00000040   Code   RO         5757    i.prvInsertTimerInActiveList  timers.o
    0x0800189c   0x0800189c   0x0000001a   Code   RO         4918    i.prvIsQueueEmpty   queue.o
    0x080018b6   0x080018b6   0x00000002   PAD
    0x080018b8   0x080018b8   0x000000b0   Code   RO         4920    i.prvNotifyQueueSetContainer  queue.o
    0x08001968   0x08001968   0x00000040   Code   RO         5758    i.prvProcessExpiredTimer  timers.o
    0x080019a8   0x080019a8   0x00000124   Code   RO         5759    i.prvProcessReceivedCommands  timers.o
    0x08001acc   0x08001acc   0x0000006c   Code   RO         5760    i.prvProcessTimerOrBlockTask  timers.o
    0x08001b38   0x08001b38   0x00000028   Code   RO         5761    i.prvReloadTimer    timers.o
    0x08001b60   0x08001b60   0x00000020   Code   RO         5345    i.prvResetNextTaskUnblockTime  tasks.o
    0x08001b80   0x08001b80   0x0000002c   Code   RO         5762    i.prvSampleTimeNow  timers.o
    0x08001bac   0x08001bac   0x0000002c   Code   RO         5763    i.prvSwitchTimerLists  timers.o
    0x08001bd8   0x08001bd8   0x00000070   Code   RO         5994    i.prvTaskExitError  port.o
    0x08001c48   0x08001c48   0x00000014   Code   RO         5764    i.prvTimerTask      timers.o
    0x08001c5c   0x08001c5c   0x0000007c   Code   RO         4921    i.prvUnlockQueue    queue.o
    0x08001cd8   0x08001cd8   0x0000010c   Code   RO         5932    i.pvPortMalloc      heap_4.o
    0x08001de4   0x08001de4   0x00000024   Code   RO         5995    i.pxPortInitialiseStack  port.o
    0x08001e08   0x08001e08   0x00000058   Code   RO         4082    i.start_task        main.o
    0x08001e60   0x08001e60   0x00000030   Code   RO         4083    i.task1             main.o
    0x08001e90   0x08001e90   0x00000030   Code   RO         4084    i.task2             main.o
    0x08001ec0   0x08001ec0   0x00000026   Code   RO         4872    i.uxListRemove      list.o
    0x08001ee6   0x08001ee6   0x00000002   PAD
    0x08001ee8   0x08001ee8   0x0000000c   Code   RO         5353    i.uxTaskGetNumberOfTasks  tasks.o
    0x08001ef4   0x08001ef4   0x00000016   Code   RO         4873    i.vListInitialise   list.o
    0x08001f0a   0x08001f0a   0x00000006   Code   RO         4874    i.vListInitialiseItem  list.o
    0x08001f10   0x08001f10   0x00000030   Code   RO         4875    i.vListInsert       list.o
    0x08001f40   0x08001f40   0x00000018   Code   RO         4876    i.vListInsertEnd    list.o
    0x08001f58   0x08001f58   0x00000084   Code   RO         5997    i.vPortEnterCritical  port.o
    0x08001fdc   0x08001fdc   0x00000074   Code   RO         5998    i.vPortExitCritical  port.o
    0x08002050   0x08002050   0x000000ac   Code   RO         5933    i.vPortFree         heap_4.o
    0x080020fc   0x080020fc   0x00000024   Code   RO         5999    i.vPortSetupTimerInterrupt  port.o
    0x08002120   0x08002120   0x0000007c   Code   RO         4927    i.vQueueAddToRegistry  queue.o
    0x0800219c   0x0800219c   0x00000046   Code   RO         4931    i.vQueueWaitForMessageRestricted  queue.o
    0x080021e2   0x080021e2   0x00000002   PAD
    0x080021e4   0x080021e4   0x0000007c   Code   RO         5360    i.vTaskDelay        tasks.o
    0x08002260   0x08002260   0x000000e0   Code   RO         5361    i.vTaskDelete       tasks.o
    0x08002340   0x08002340   0x00000010   Code   RO         5365    i.vTaskInternalSetTimeOutState  tasks.o
    0x08002350   0x08002350   0x0000000c   Code   RO         5367    i.vTaskMissedYield  tasks.o
    0x0800235c   0x0800235c   0x00000064   Code   RO         5368    i.vTaskPlaceOnEventList  tasks.o
    0x080023c0   0x080023c0   0x00000084   Code   RO         5369    i.vTaskPlaceOnEventListRestricted  tasks.o
    0x08002444   0x08002444   0x0000009c   Code   RO         5377    i.vTaskStartScheduler  tasks.o
    0x080024e0   0x080024e0   0x00000010   Code   RO         5379    i.vTaskSuspendAll   tasks.o
    0x080024f0   0x080024f0   0x0000008c   Code   RO         5380    i.vTaskSwitchContext  tasks.o
    0x0800257c   0x0800257c   0x00000140   Code   RO         6001    i.xPortStartScheduler  port.o
    0x080026bc   0x080026bc   0x0000002c   Code   RO         6002    i.xPortSysTickHandler  port.o
    0x080026e8   0x080026e8   0x00000080   Code   RO         4936    i.xQueueGenericCreate  queue.o
    0x08002768   0x08002768   0x000000e4   Code   RO         4937    i.xQueueGenericReset  queue.o
    0x0800284c   0x0800284c   0x0000015c   Code   RO         4946    i.xQueueReceive     queue.o
    0x080029a8   0x080029a8   0x000000bc   Code   RO         5383    i.xTaskCheckForTimeOut  tasks.o
    0x08002a64   0x08002a64   0x00000068   Code   RO         5384    i.xTaskCreate       tasks.o
    0x08002acc   0x08002acc   0x0000001c   Code   RO         5393    i.xTaskGetSchedulerState  tasks.o
    0x08002ae8   0x08002ae8   0x0000000c   Code   RO         5394    i.xTaskGetTickCount  tasks.o
    0x08002af4   0x08002af4   0x0000015c   Code   RO         5396    i.xTaskIncrementTick  tasks.o
    0x08002c50   0x08002c50   0x000000e0   Code   RO         5397    i.xTaskPriorityDisinherit  tasks.o
    0x08002d30   0x08002d30   0x0000010c   Code   RO         5399    i.xTaskRemoveFromEventList  tasks.o
    0x08002e3c   0x08002e3c   0x00000158   Code   RO         5400    i.xTaskResumeAll    tasks.o
    0x08002f94   0x08002f94   0x0000007c   Code   RO         5772    i.xTimerCreateTimerTask  timers.o
    0x08003010   0x08003010   0x00000020   Data   RO         6400    Region$$Table       anon$$obj.o


    Execution Region RW_IRAM1 (Exec base: 0x20000000, Load base: 0x08003030, Size: 0x00002ff8, Max: 0x00020000, ABSOLUTE)

    Exec Addr    Load Addr    Size         Type   Attr      Idx    E Section Name        Object

    0x20000000   0x08003030   0x00000014   Data   RW         4000    .data               system_stm32f4xx.o
    0x20000014   0x08003044   0x0000000c   Data   RW         4085    .data               main.o
    0x20000020   0x08003050   0x00000002   Data   RW         4464    .data               serial.o
    0x20000022   0x08003052   0x00000002   Data   RW         4614    .data               serial2.o
    0x20000024   0x08003054   0x00000002   Data   RW         4682    .data               serial3.o
    0x20000026   0x08003056   0x00000002   PAD
    0x20000028   0x08003058   0x00000040   Data   RW         5403    .data               tasks.o
    0x20000068   0x08003098   0x00000014   Data   RW         5782    .data               timers.o
    0x2000007c   0x080030ac   0x0000001c   Data   RW         5939    .data               heap_4.o
    0x20000098   0x080030c8   0x0000000c   Data   RW         6003    .data               port.o
    0x200000a4   0x080030d4   0x00000004   Data   RW         6378    .data               mc_w.l(stdout.o)
    0x200000a8        -       0x00000040   Zero   RW         4953    .bss                queue.o
    0x200000e8        -       0x000002e4   Zero   RW         5402    .bss                tasks.o
    0x200003cc        -       0x00000028   Zero   RW         5781    .bss                timers.o
    0x200003f4        -       0x00002800   Zero   RW         5938    .bss                heap_4.o
    0x20002bf4   0x080030d8   0x00000004   PAD
    0x20002bf8        -       0x00000400   Zero   RW            1    STACK               startup_stm32f4xx.o


==============================================================================

Image component sizes


      Code (inc. data)   RO Data    RW Data    ZI Data      Debug   Object Name

         0          0          0          0          0      12168   event_groups.o
       596        162          0         28      10240       5131   heap_4.o
       138          0          0          0          0       3470   list.o
       274         58          0         12          0      20102   main.o
        20         10          0          0          0        595   misc.o
       994        362          0         12          0      10724   port.o
      1412        258          0          0         64      13991   queue.o
        88         14          0          2          0       3180   serial.o
        52          8          0          2          0        809   serial2.o
        52          8          0          2          0        809   serial3.o
        36          8        392          0       1024        972   startup_stm32f4xx.o
        12          0          0          0          0       1112   stm32f4xx_gpio.o
        12          0          0          0          0       2821   stm32f4xx_it.o
         0          0          0          0          0     224340   stm32f4xx_rcc.o
       110          0          0          0          0       4401   stm32f4xx_usart.o
       276         34          0         20          0       2205   system_stm32f4xx.o
      3216        782          0         64        740      35219   tasks.o
       916        182          0         20         40      13816   timers.o

    ----------------------------------------------------------------------
      8220       1886        424        164      12112     355865   Object Totals
         0          0         32          0          0          0   (incl. Generated)
        16          0          0          2          4          0   (incl. Padding)

    ----------------------------------------------------------------------

      Code (inc. data)   RO Data    RW Data    ZI Data      Debug   Library Member Name

         0          0          0          0          0          0   entry.o
         0          0          0          0          0          0   entry10a.o
         0          0          0          0          0          0   entry11a.o
         4          0          0          0          0          0   entry12b.o
         8          4          0          0          0          0   entry2.o
         4          0          0          0          0          0   entry5.o
         0          0          0          0          0          0   entry7b.o
         0          0          0          0          0          0   entry8b.o
         8          4          0          0          0          0   entry9a.o
        30          0          0          0          0          0   handlers.o
        36          8          0          0          0         68   init.o
         0          0          0          0          0          0   iusefp.o
        30          0          0          0          0         68   llshl.o
        36          0          0          0          0         68   llsshr.o
        32          0          0          0          0         68   llushr.o
        36          0          0          0          0         68   memcpya.o
        36          0          0          0          0        108   memseta.o
      2218         90          0          0          0        464   printfa.o
         0          0          0          4          0          0   stdout.o
        44          0          0          0          0         80   uidiv.o
        98          0          0          0          0         92   uldiv.o
        48          0          0          0          0         68   cdrcmple.o
       334          0          0          0          0        148   dadd.o
       222          0          0          0          0        100   ddiv.o
       186          0          0          0          0        176   depilogue.o
        48          0          0          0          0         68   dfixul.o
       228          0          0          0          0         96   dmul.o

    ----------------------------------------------------------------------
      3692        106          0          4          0       1740   Library Totals
         6          0          0          0          0          0   (incl. Padding)

    ----------------------------------------------------------------------

      Code (inc. data)   RO Data    RW Data    ZI Data      Debug   Library Name

      2620        106          0          4          0       1084   mc_w.l
      1066          0          0          0          0        656   mf_w.l

    ----------------------------------------------------------------------
      3692        106          0          4          0       1740   Library Totals

    ----------------------------------------------------------------------

==============================================================================


      Code (inc. data)   RO Data    RW Data    ZI Data      Debug   

     11912       1992        424        168      12112     348525   Grand Totals
     11912       1992        424        168      12112     348525   ELF Image Totals
     11912       1992        424        168          0          0   ROM Totals

==============================================================================

    Total RO  Size (Code + RO Data)                12336 (  12.05kB)
    Total RW  Size (RW Data + ZI Data)             12280 (  11.99kB)
    Total ROM Size (Code + RO Data + RW Data)      12504 (  12.21kB)

==============================================================================

